../Core/Src/main.c:250:5:main	72	static
../Core/Src/main.c:657:6:SystemClock_Config	88	static
../Core/Src/main.c:703:13:MX_ADC1_Init	56	static
../Core/Src/main.c:771:13:MX_TIM1_Init	120	static
../Core/Src/main.c:853:13:MX_TIM3_Init	40	static
../Core/Src/main.c:898:13:MX_TIM4_Init	56	static
../Core/Src/main.c:947:13:MX_TIM16_Init	8	static
../Core/Src/main.c:983:13:MX_USART2_UART_Init	8	static
../Core/Src/main.c:1029:13:MX_DMA_Init	16	static
../Core/Src/main.c:1057:13:MX_GPIO_Init	48	static
../Core/Src/main.c:1146:6:HAL_TIM_PeriodElapsedCallback	32	static
../Core/Src/main.c:1185:6:HAL_GPIO_EXTI_Callback	32	static
../Core/Src/main.c:1250:6:Update_torque_control	16	static
../Core/Src/main.c:1254:6:Update_velocity_control	16	static
../Core/Src/main.c:1261:6:Update_position_control	16	static
../Core/Src/main.c:1267:6:Reset_main_variable	8	static
../Core/Src/main.c:1311:6:Error_Handler	4	static,ignoring_inline_asm
