Archive member included to satisfy reference by file (symbol)

D:/STM32CUBEIDE/STM32CubeIDE_1.13.2/STM32CubeIDE/plugins/com.st.stm32cube.ide.mcu.externaltools.gnu-tools-for-stm32.12.3.rel1.win32_1.0.100.202403111256/tools/bin/../lib/gcc/arm-none-eabi/12.3.1/../../../../arm-none-eabi/lib/thumb/v7e-m+fp/hard\libc_nano.a(libc_a-exit.o)
                              D:/STM32CUBEIDE/STM32CubeIDE_1.13.2/STM32CubeIDE/plugins/com.st.stm32cube.ide.mcu.externaltools.gnu-tools-for-stm32.12.3.rel1.win32_1.0.100.202403111256/tools/bin/../lib/gcc/arm-none-eabi/12.3.1/../../../../arm-none-eabi/lib/thumb/v7e-m+fp/hard/crt0.o (exit)
D:/STM32CUBEIDE/STM32CubeIDE_1.13.2/STM32CubeIDE/plugins/com.st.stm32cube.ide.mcu.externaltools.gnu-tools-for-stm32.12.3.rel1.win32_1.0.100.202403111256/tools/bin/../lib/gcc/arm-none-eabi/12.3.1/../../../../arm-none-eabi/lib/thumb/v7e-m+fp/hard\libc_nano.a(libc_a-findfp.o)
                              D:/STM32CUBEIDE/STM32CubeIDE_1.13.2/STM32CubeIDE/plugins/com.st.stm32cube.ide.mcu.externaltools.gnu-tools-for-stm32.12.3.rel1.win32_1.0.100.202403111256/tools/bin/../lib/gcc/arm-none-eabi/12.3.1/../../../../arm-none-eabi/lib/thumb/v7e-m+fp/hard\libc_nano.a(libc_a-exit.o) (__stdio_exit_handler)
D:/STM32CUBEIDE/STM32CubeIDE_1.13.2/STM32CubeIDE/plugins/com.st.stm32cube.ide.mcu.externaltools.gnu-tools-for-stm32.12.3.rel1.win32_1.0.100.202403111256/tools/bin/../lib/gcc/arm-none-eabi/12.3.1/../../../../arm-none-eabi/lib/thumb/v7e-m+fp/hard\libc_nano.a(libc_a-fwalk.o)
                              D:/STM32CUBEIDE/STM32CubeIDE_1.13.2/STM32CubeIDE/plugins/com.st.stm32cube.ide.mcu.externaltools.gnu-tools-for-stm32.12.3.rel1.win32_1.0.100.202403111256/tools/bin/../lib/gcc/arm-none-eabi/12.3.1/../../../../arm-none-eabi/lib/thumb/v7e-m+fp/hard\libc_nano.a(libc_a-findfp.o) (_fwalk_sglue)
D:/STM32CUBEIDE/STM32CubeIDE_1.13.2/STM32CubeIDE/plugins/com.st.stm32cube.ide.mcu.externaltools.gnu-tools-for-stm32.12.3.rel1.win32_1.0.100.202403111256/tools/bin/../lib/gcc/arm-none-eabi/12.3.1/../../../../arm-none-eabi/lib/thumb/v7e-m+fp/hard\libc_nano.a(libc_a-stdio.o)
                              D:/STM32CUBEIDE/STM32CubeIDE_1.13.2/STM32CubeIDE/plugins/com.st.stm32cube.ide.mcu.externaltools.gnu-tools-for-stm32.12.3.rel1.win32_1.0.100.202403111256/tools/bin/../lib/gcc/arm-none-eabi/12.3.1/../../../../arm-none-eabi/lib/thumb/v7e-m+fp/hard\libc_nano.a(libc_a-findfp.o) (__sread)
D:/STM32CUBEIDE/STM32CubeIDE_1.13.2/STM32CubeIDE/plugins/com.st.stm32cube.ide.mcu.externaltools.gnu-tools-for-stm32.12.3.rel1.win32_1.0.100.202403111256/tools/bin/../lib/gcc/arm-none-eabi/12.3.1/../../../../arm-none-eabi/lib/thumb/v7e-m+fp/hard\libc_nano.a(libc_a-memset.o)
                              D:/STM32CUBEIDE/STM32CubeIDE_1.13.2/STM32CubeIDE/plugins/com.st.stm32cube.ide.mcu.externaltools.gnu-tools-for-stm32.12.3.rel1.win32_1.0.100.202403111256/tools/bin/../lib/gcc/arm-none-eabi/12.3.1/../../../../arm-none-eabi/lib/thumb/v7e-m+fp/hard/crt0.o (memset)
D:/STM32CUBEIDE/STM32CubeIDE_1.13.2/STM32CubeIDE/plugins/com.st.stm32cube.ide.mcu.externaltools.gnu-tools-for-stm32.12.3.rel1.win32_1.0.100.202403111256/tools/bin/../lib/gcc/arm-none-eabi/12.3.1/../../../../arm-none-eabi/lib/thumb/v7e-m+fp/hard\libc_nano.a(libc_a-closer.o)
                              D:/STM32CUBEIDE/STM32CubeIDE_1.13.2/STM32CubeIDE/plugins/com.st.stm32cube.ide.mcu.externaltools.gnu-tools-for-stm32.12.3.rel1.win32_1.0.100.202403111256/tools/bin/../lib/gcc/arm-none-eabi/12.3.1/../../../../arm-none-eabi/lib/thumb/v7e-m+fp/hard\libc_nano.a(libc_a-stdio.o) (_close_r)
D:/STM32CUBEIDE/STM32CubeIDE_1.13.2/STM32CubeIDE/plugins/com.st.stm32cube.ide.mcu.externaltools.gnu-tools-for-stm32.12.3.rel1.win32_1.0.100.202403111256/tools/bin/../lib/gcc/arm-none-eabi/12.3.1/../../../../arm-none-eabi/lib/thumb/v7e-m+fp/hard\libc_nano.a(libc_a-reent.o)
                              D:/STM32CUBEIDE/STM32CubeIDE_1.13.2/STM32CubeIDE/plugins/com.st.stm32cube.ide.mcu.externaltools.gnu-tools-for-stm32.12.3.rel1.win32_1.0.100.202403111256/tools/bin/../lib/gcc/arm-none-eabi/12.3.1/../../../../arm-none-eabi/lib/thumb/v7e-m+fp/hard\libc_nano.a(libc_a-closer.o) (errno)
D:/STM32CUBEIDE/STM32CubeIDE_1.13.2/STM32CubeIDE/plugins/com.st.stm32cube.ide.mcu.externaltools.gnu-tools-for-stm32.12.3.rel1.win32_1.0.100.202403111256/tools/bin/../lib/gcc/arm-none-eabi/12.3.1/../../../../arm-none-eabi/lib/thumb/v7e-m+fp/hard\libc_nano.a(libc_a-impure.o)
                              D:/STM32CUBEIDE/STM32CubeIDE_1.13.2/STM32CubeIDE/plugins/com.st.stm32cube.ide.mcu.externaltools.gnu-tools-for-stm32.12.3.rel1.win32_1.0.100.202403111256/tools/bin/../lib/gcc/arm-none-eabi/12.3.1/../../../../arm-none-eabi/lib/thumb/v7e-m+fp/hard\libc_nano.a(libc_a-reent.o) (_impure_ptr)
[...]
Memory Configuration

Name             Origin             Length             Attributes
RAM              0x20000000         0x00020000         xrw
FLASH            0x08000000         0x00080000         xr
*default*        0x00000000         0xffffffff

Linker script and memory map

LOAD D:/STM32CUBEIDE/STM32CubeIDE_1.13.2/STM32CubeIDE/plugins/com.st.stm32cube.ide.mcu.externaltools.gnu-tools-for-stm32.12.3.rel1.win32_1.0.100.202403111256/tools/bin/../lib/gcc/arm-none-eabi/12.3.1/thumb/v7e-m+fp/hard/crti.o
LOAD D:/STM32CUBEIDE/STM32CubeIDE_1.13.2/STM32CubeIDE/plugins/com.st.stm32cube.ide.mcu.externaltools.gnu-tools-for-stm32.12.3.rel1.win32_1.0.100.202403111256/tools/bin/../lib/gcc/arm-none-eabi/12.3.1/thumb/v7e-m+fp/hard/crtbegin.o
LOAD D:/STM32CUBEIDE/STM32CubeIDE_1.13.2/STM32CubeIDE/plugins/com.st.stm32cube.ide.mcu.externaltools.gnu-tools-for-stm32.12.3.rel1.win32_1.0.100.202403111256/tools/bin/../lib/gcc/arm-none-eabi/12.3.1/../../../../arm-none-eabi/lib/thumb/v7e-m+fp/hard/crt0.o
LOAD ./Core/Src/Basesystem.o
LOAD ./Core/Src/ModBusRTU.o
LOAD ./Core/Src/adc.o
LOAD ./Core/Src/eff.o
LOAD ./Core/Src/joy.o
LOAD ./Core/Src/kalman.o
LOAD ./Core/Src/main.o
LOAD ./Core/Src/pid.o
LOAD ./Core/Src/pwm.o
LOAD ./Core/Src/qei.o
LOAD ./Core/Src/stm32g4xx_hal_msp.o
LOAD ./Core/Src/stm32g4xx_it.o
LOAD ./Core/Src/syscalls.o
LOAD ./Core/Src/sysmem.o
LOAD ./Core/Src/system_stm32g4xx.o
LOAD ./Core/Startup/startup_stm32g474retx.o
LOAD ./Drivers/STM32G4xx_HAL_Driver/Src/stm32g4xx_hal.o
LOAD ./Drivers/STM32G4xx_HAL_Driver/Src/stm32g4xx_hal_adc.o
LOAD ./Drivers/STM32G4xx_HAL_Driver/Src/stm32g4xx_hal_adc_ex.o
LOAD ./Drivers/STM32G4xx_HAL_Driver/Src/stm32g4xx_hal_cortex.o
LOAD ./Drivers/STM32G4xx_HAL_Driver/Src/stm32g4xx_hal_dma.o
LOAD ./Drivers/STM32G4xx_HAL_Driver/Src/stm32g4xx_hal_dma_ex.o
LOAD ./Drivers/STM32G4xx_HAL_Driver/Src/stm32g4xx_hal_exti.o
LOAD ./Drivers/STM32G4xx_HAL_Driver/Src/stm32g4xx_hal_flash.o
LOAD ./Drivers/STM32G4xx_HAL_Driver/Src/stm32g4xx_hal_flash_ex.o
LOAD ./Drivers/STM32G4xx_HAL_Driver/Src/stm32g4xx_hal_flash_ramfunc.o
LOAD ./Drivers/STM32G4xx_HAL_Driver/Src/stm32g4xx_hal_gpio.o
LOAD ./Drivers/STM32G4xx_HAL_Driver/Src/stm32g4xx_hal_pwr.o
LOAD ./Drivers/STM32G4xx_HAL_Driver/Src/stm32g4xx_hal_pwr_ex.o
LOAD ./Drivers/STM32G4xx_HAL_Driver/Src/stm32g4xx_hal_rcc.o
LOAD ./Drivers/STM32G4xx_HAL_Driver/Src/stm32g4xx_hal_rcc_ex.o
LOAD ./Drivers/STM32G4xx_HAL_Driver/Src/stm32g4xx_hal_tim.o
LOAD ./Drivers/STM32G4xx_HAL_Driver/Src/stm32g4xx_hal_tim_ex.o
LOAD ./Drivers/STM32G4xx_HAL_Driver/Src/stm32g4xx_hal_uart.o
LOAD ./Drivers/STM32G4xx_HAL_Driver/Src/stm32g4xx_hal_uart_ex.o
LOAD ./Drivers/STM32G4xx_HAL_Driver/Src/stm32g4xx_ll_adc.o
LOAD ./Middlewares/Third_Party/ARM_CMSIS/Source/BasicMathFunctions/BasicMathFunctions.o
LOAD ./Middlewares/Third_Party/ARM_CMSIS/Source/BasicMathFunctions/BasicMathFunctionsF16.o
LOAD ./Middlewares/Third_Party/ARM_CMSIS/Source/BayesFunctions/BayesFunctions.o
LOAD ./Middlewares/Third_Party/ARM_CMSIS/Source/BayesFunctions/BayesFunctionsF16.o
LOAD ./Middlewares/Third_Party/ARM_CMSIS/Source/CommonTables/CommonTables.o
LOAD ./Middlewares/Third_Party/ARM_CMSIS/Source/CommonTables/CommonTablesF16.o
LOAD ./Middlewares/Third_Party/ARM_CMSIS/Source/ComplexMathFunctions/ComplexMathFunctions.o
LOAD ./Middlewares/Third_Party/ARM_CMSIS/Source/ComplexMathFunctions/ComplexMathFunctionsF16.o
LOAD ./Middlewares/Third_Party/ARM_CMSIS/Source/ControllerFunctions/ControllerFunctions.o
LOAD ./Middlewares/Third_Party/ARM_CMSIS/Source/DistanceFunctions/DistanceFunctions.o
LOAD ./Middlewares/Third_Party/ARM_CMSIS/Source/DistanceFunctions/DistanceFunctionsF16.o
LOAD ./Middlewares/Third_Party/ARM_CMSIS/Source/FastMathFunctions/FastMathFunctions.o
LOAD ./Middlewares/Third_Party/ARM_CMSIS/Source/FastMathFunctions/FastMathFunctionsF16.o
LOAD ./Middlewares/Third_Party/ARM_CMSIS/Source/FilteringFunctions/FilteringFunctions.o
LOAD ./Middlewares/Third_Party/ARM_CMSIS/Source/FilteringFunctions/FilteringFunctionsF16.o
LOAD ./Middlewares/Third_Party/ARM_CMSIS/Source/InterpolationFunctions/InterpolationFunctions.o
LOAD ./Middlewares/Third_Party/ARM_CMSIS/Source/InterpolationFunctions/InterpolationFunctionsF16.o
LOAD ./Middlewares/Third_Party/ARM_CMSIS/Source/MatrixFunctions/MatrixFunctions.o
LOAD ./Middlewares/Third_Party/ARM_CMSIS/Source/MatrixFunctions/MatrixFunctionsF16.o
LOAD ./Middlewares/Third_Party/ARM_CMSIS/Source/QuaternionMathFunctions/QuaternionMathFunctions.o
LOAD ./Middlewares/Third_Party/ARM_CMSIS/Source/SVMFunctions/SVMFunctions.o
LOAD ./Middlewares/Third_Party/ARM_CMSIS/Source/SVMFunctions/SVMFunctionsF16.o
LOAD ./Middlewares/Third_Party/ARM_CMSIS/Source/StatisticsFunctions/StatisticsFunctions.o
LOAD ./Middlewares/Third_Party/ARM_CMSIS/Source/StatisticsFunctions/StatisticsFunctionsF16.o
LOAD ./Middlewares/Third_Party/ARM_CMSIS/Source/SupportFunctions/SupportFunctions.o
LOAD ./Middlewares/Third_Party/ARM_CMSIS/Source/SupportFunctions/SupportFunctionsF16.o
LOAD ./Middlewares/Third_Party/ARM_CMSIS/Source/TransformFunctions/TransformFunctions.o
LOAD ./Middlewares/Third_Party/ARM_CMSIS/Source/TransformFunctions/TransformFunctionsF16.o
START GROUP
LOAD D:/STM32CUBEIDE/STM32CubeIDE_1.13.2/STM32CubeIDE/plugins/com.st.stm32cube.ide.mcu.externaltools.gnu-tools-for-stm32.12.3.rel1.win32_1.0.100.202403111256/tools/bin/../lib/gcc/arm-none-eabi/12.3.1/../../../../arm-none-eabi/lib/thumb/v7e-m+fp/hard\libc_nano.a
LOAD D:/STM32CUBEIDE/STM32CubeIDE_1.13.2/STM32CubeIDE/plugins/com.st.stm32cube.ide.mcu.externaltools.gnu-tools-for-stm32.12.3.rel1.win32_1.0.100.202403111256/tools/bin/../lib/gcc/arm-none-eabi/12.3.1/../../../../arm-none-eabi/lib/thumb/v7e-m+fp/hard\libm.a
END GROUP
START GROUP
LOAD D:/STM32CUBEIDE/STM32CubeIDE_1.13.2/STM32CubeIDE/plugins/com.st.stm32cube.ide.mcu.externaltools.gnu-tools-for-stm32.12.3.rel1.win32_1.0.100.202403111256/tools/bin/../lib/gcc/arm-none-eabi/12.3.1/thumb/v7e-m+fp/hard\libgcc.a
LOAD D:/STM32CUBEIDE/STM32CubeIDE_1.13.2/STM32CubeIDE/plugins/com.st.stm32cube.ide.mcu.externaltools.gnu-tools-for-stm32.12.3.rel1.win32_1.0.100.202403111256/tools/bin/../lib/gcc/arm-none-eabi/12.3.1/../../../../arm-none-eabi/lib/thumb/v7e-m+fp/hard\libc_nano.a
END GROUP
START GROUP
LOAD D:/STM32CUBEIDE/STM32CubeIDE_1.13.2/STM32CubeIDE/plugins/com.st.stm32cube.ide.mcu.externaltools.gnu-tools-for-stm32.12.3.rel1.win32_1.0.100.202403111256/tools/bin/../lib/gcc/arm-none-eabi/12.3.1/thumb/v7e-m+fp/hard\libgcc.a
LOAD D:/STM32CUBEIDE/STM32CubeIDE_1.13.2/STM32CubeIDE/plugins/com.st.stm32cube.ide.mcu.externaltools.gnu-tools-for-stm32.12.3.rel1.win32_1.0.100.202403111256/tools/bin/../lib/gcc/arm-none-eabi/12.3.1/../../../../arm-none-eabi/lib/thumb/v7e-m+fp/hard\libc_nano.a
LOAD D:/STM32CUBEIDE/STM32CubeIDE_1.13.2/STM32CubeIDE/plugins/com.st.stm32cube.ide.mcu.externaltools.gnu-tools-for-stm32.12.3.rel1.win32_1.0.100.202403111256/tools/bin/../lib/gcc/arm-none-eabi/12.3.1/../../../../arm-none-eabi/lib/thumb/v7e-m+fp/hard\libnosys.a
END GROUP
START GROUP
LOAD D:/STM32CUBEIDE/STM32CubeIDE_1.13.2/STM32CubeIDE/plugins/com.st.stm32cube.ide.mcu.externaltools.gnu-tools-for-stm32.12.3.rel1.win32_1.0.100.202403111256/tools/bin/../lib/gcc/arm-none-eabi/12.3.1/thumb/v7e-m+fp/hard\libgcc.a
LOAD D:/STM32CUBEIDE/STM32CubeIDE_1.13.2/STM32CubeIDE/plugins/com.st.stm32cube.ide.mcu.externaltools.gnu-tools-for-stm32.12.3.rel1.win32_1.0.100.202403111256/tools/bin/../lib/gcc/arm-none-eabi/12.3.1/../../../../arm-none-eabi/lib/thumb/v7e-m+fp/hard\libc_nano.a
LOAD D:/STM32CUBEIDE/STM32CubeIDE_1.13.2/STM32CubeIDE/plugins/com.st.stm32cube.ide.mcu.externaltools.gnu-tools-for-stm32.12.3.rel1.win32_1.0.100.202403111256/tools/bin/../lib/gcc/arm-none-eabi/12.3.1/../../../../arm-none-eabi/lib/thumb/v7e-m+fp/hard\libnosys.a
END GROUP
LOAD D:/STM32CUBEIDE/STM32CubeIDE_1.13.2/STM32CubeIDE/plugins/com.st.stm32cube.ide.mcu.externaltools.gnu-tools-for-stm32.12.3.rel1.win32_1.0.100.202403111256/tools/bin/../lib/gcc/arm-none-eabi/12.3.1/thumb/v7e-m+fp/hard/crtend.o
LOAD D:/STM32CUBEIDE/STM32CubeIDE_1.13.2/STM32CubeIDE/plugins/com.st.stm32cube.ide.mcu.externaltools.gnu-tools-for-stm32.12.3.rel1.win32_1.0.100.202403111256/tools/bin/../lib/gcc/arm-none-eabi/12.3.1/thumb/v7e-m+fp/hard/crtn.o
                0x20020000                        _estack = (ORIGIN (RAM) + LENGTH (RAM))
                0x00000200                        _Min_Heap_Size = 0x200
                0x00000400                        _Min_Stack_Size = 0x400

.isr_vector     0x08000000      0x1d8
                0x08000000                        . = ALIGN (0x4)
 *(.isr_vector)
 .isr_vector    0x08000000      0x1d8 ./Core/Startup/startup_stm32g474retx.o
                0x08000000                g_pfnVectors
                0x080001d8                        . = ALIGN (0x4)

.text           0x080001d8     0x97c4
                0x080001d8                        . = ALIGN (0x4)
 *(.text)
 .text          0x080001d8       0x40 D:/STM32CUBEIDE/STM32CubeIDE_1.13.2/STM32CubeIDE/plugins/com.st.stm32cube.ide.mcu.externaltools.gnu-tools-for-stm32.12.3.rel1.win32_1.0.100.202403111256/tools/bin/../lib/gcc/arm-none-eabi/12.3.1/thumb/v7e-m+fp/hard/crtbegin.o
 .text          0x08000218      0x378 D:/STM32CUBEIDE/STM32CubeIDE_1.13.2/STM32CubeIDE/plugins/com.st.stm32cube.ide.mcu.externaltools.gnu-tools-for-stm32.12.3.rel1.win32_1.0.100.202403111256/tools/bin/../lib/gcc/arm-none-eabi/12.3.1/thumb/v7e-m+fp/hard\libgcc.a(_arm_addsubdf3.o)
                0x08000218                __aeabi_drsub
                0x08000220                __aeabi_dsub
                0x08000220                __subdf3
                0x08000224                __aeabi_dadd
                0x08000224                __adddf3
                0x0800049c                __floatunsidf
                0x0800049c                __aeabi_ui2d
                0x080004bc                __floatsidf
                0x080004bc                __aeabi_i2d
                0x080004e0                __aeabi_f2d
                0x080004e0                __extendsfdf2
                0x08000524                __floatundidf
                0x08000524                __aeabi_ul2d
                0x08000534                __floatdidf
                0x08000534                __aeabi_l2d
 .text          0x08000590      0x424 D:/STM32CUBEIDE/STM32CubeIDE_1.13.2/STM32CubeIDE/plugins/com.st.stm32cube.ide.mcu.externaltools.gnu-tools-for-stm32.12.3.rel1.win32_1.0.100.202403111256/tools/bin/../lib/gcc/arm-none-eabi/12.3.1/thumb/v7e-m+fp/hard\libgcc.a(_arm_muldivdf3.o)
                0x08000590                __aeabi_dmul
                0x08000590                __muldf3
                0x080007e4                __divdf3
                0x080007e4                __aeabi_ddiv
 .text          0x080009b4      0x110 D:/STM32CUBEIDE/STM32CubeIDE_1.13.2/STM32CubeIDE/plugins/com.st.stm32cube.ide.mcu.externaltools.gnu-tools-for-stm32.12.3.rel1.win32_1.0.100.202403111256/tools/bin/../lib/gcc/arm-none-eabi/12.3.1/thumb/v7e-m+fp/hard\libgcc.a(_arm_cmpdf2.o)
                0x080009b4                __gtdf2
                0x080009b4                __gedf2
                0x080009bc                __ltdf2
                0x080009bc                __ledf2
                0x080009c4                __nedf2
                0x080009c4                __eqdf2
                0x080009c4                __cmpdf2
                0x08000a40                __aeabi_cdrcmple
                0x08000a50                __aeabi_cdcmpeq
                0x08000a50                __aeabi_cdcmple
                0x08000a60                __aeabi_dcmpeq
                0x08000a74                __aeabi_dcmplt
                0x08000a88                __aeabi_dcmple
                0x08000a9c                __aeabi_dcmpge
                0x08000ab0                __aeabi_dcmpgt
 .text          0x08000ac4       0x50 D:/STM32CUBEIDE/STM32CubeIDE_1.13.2/STM32CubeIDE/plugins/com.st.stm32cube.ide.mcu.externaltools.gnu-tools-for-stm32.12.3.rel1.win32_1.0.100.202403111256/tools/bin/../lib/gcc/arm-none-eabi/12.3.1/thumb/v7e-m+fp/hard\libgcc.a(_arm_fixdfsi.o)
                0x08000ac4                __aeabi_d2iz
                0x08000ac4                __fixdfsi
 .text          0x08000b14       0x40 D:/STM32CUBEIDE/STM32CubeIDE_1.13.2/STM32CubeIDE/plugins/com.st.stm32cube.ide.mcu.externaltools.gnu-tools-for-stm32.12.3.rel1.win32_1.0.100.202403111256/tools/bin/../lib/gcc/arm-none-eabi/12.3.1/thumb/v7e-m+fp/hard\libgcc.a(_arm_fixunsdfsi.o)
                0x08000b14                __aeabi_d2uiz
                0x08000b14                __fixunsdfsi
 .text          0x08000b54       0xa0 D:/STM32CUBEIDE/STM32CubeIDE_1.13.2/STM32CubeIDE/plugins/com.st.stm32cube.ide.mcu.externaltools.gnu-tools-for-stm32.12.3.rel1.win32_1.0.100.202403111256/tools/bin/../lib/gcc/arm-none-eabi/12.3.1/thumb/v7e-m+fp/hard\libgcc.a(_arm_truncdfsf2.o)
                0x08000b54                __truncdfsf2
                0x08000b54                __aeabi_d2f
 .text          0x08000bf4       0x30 D:/STM32CUBEIDE/STM32CubeIDE_1.13.2/STM32CubeIDE/plugins/com.st.stm32cube.ide.mcu.externaltools.gnu-tools-for-stm32.12.3.rel1.win32_1.0.100.202403111256/tools/bin/../lib/gcc/arm-none-eabi/12.3.1/thumb/v7e-m+fp/hard\libgcc.a(_aeabi_uldivmod.o)
                0x08000bf4                __aeabi_uldivmod
 .text          0x08000c24      0x2bc D:/STM32CUBEIDE/STM32CubeIDE_1.13.2/STM32CubeIDE/plugins/com.st.stm32cube.ide.mcu.externaltools.gnu-tools-for-stm32.12.3.rel1.win32_1.0.100.202403111256/tools/bin/../lib/gcc/arm-none-eabi/12.3.1/thumb/v7e-m+fp/hard\libgcc.a(_udivmoddi4.o)
                0x08000c24                __udivmoddi4
 .text          0x08000ee0        0x4 D:/STM32CUBEIDE/STM32CubeIDE_1.13.2/STM32CubeIDE/plugins/com.st.stm32cube.ide.mcu.externaltools.gnu-tools-for-stm32.12.3.rel1.win32_1.0.100.202403111256/tools/bin/../lib/gcc/arm-none-eabi/12.3.1/thumb/v7e-m+fp/hard\libgcc.a(_dvmd_tls.o)
                0x08000ee0                __aeabi_idiv0
                0x08000ee0                __aeabi_ldiv0
 *(.text*)
 .text.ADC_init
                0x08000ee4       0x1e ./Core/Src/adc.o
                0x08000ee4                ADC_init
 .text.Update_adc
                0x08000f02       0x70 ./Core/Src/adc.o
                0x08000f02                Update_adc
 *fill*         0x08000f72        0x2 
 .text.Update_joy
                0x08000f74       0xf4 ./Core/Src/joy.o
                0x08000f74                Update_joy
 .text.main     0x08001068      0x1a8 ./Core/Src/main.o
                0x08001068                main
 .text.SystemClock_Config
                0x08001210       0x92 ./Core/Src/main.o
                0x08001210                SystemClock_Config
 *fill*         0x080012a2        0x2 
 .text.MX_ADC1_Init
                0x080012a4       0xf0 ./Core/Src/main.o
 .text.MX_TIM1_Init
                0x08001394      0x160 ./Core/Src/main.o
 .text.MX_TIM3_Init
                0x080014f4       0x9c ./Core/Src/main.o
 .text.MX_TIM4_Init
                0x08001590       0xac ./Core/Src/main.o
 .text.MX_TIM16_Init
                0x0800163c       0x60 ./Core/Src/main.o
 .text.MX_USART2_UART_Init
                0x0800169c       0x9c ./Core/Src/main.o
 .text.MX_DMA_Init
                0x08001738       0x74 ./Core/Src/main.o
 .text.MX_GPIO_Init
                0x080017ac      0x1bc ./Core/Src/main.o
 .text.HAL_TIM_PeriodElapsedCallback
                0x08001968      0x2f4 ./Core/Src/main.o
                0x08001968                HAL_TIM_PeriodElapsedCallback
 .text.HAL_GPIO_EXTI_Callback
                0x08001c5c      0x104 ./Core/Src/main.o
                0x08001c5c                HAL_GPIO_EXTI_Callback
 .text.Update_velocity_control
                0x08001d60       0x60 ./Core/Src/main.o
                0x08001d60                Update_velocity_control
 .text.Error_Handler
                0x08001dc0        0xc ./Core/Src/main.o
                0x08001dc0                Error_Handler
 .text.PID_init
                0x08001dcc       0x4a ./Core/Src/pid.o
                0x08001dcc                PID_init
 *fill*         0x08001e16        0x2 
 .text.Update_pid
                0x08001e18      0x290 ./Core/Src/pid.o
                0x08001e18                Update_pid
 .text.Update_pwm
                0x080020a8      0x12e ./Core/Src/pwm.o
                0x080020a8                Update_pwm
 .text.QEI_init
                0x080021d6       0x8a ./Core/Src/qei.o
                0x080021d6                QEI_init
 .text.Update_qei
                0x08002260      0x2e8 ./Core/Src/qei.o
                0x08002260                Update_qei
 .text.Reset_qei
                0x08002548       0x62 ./Core/Src/qei.o
                0x08002548                Reset_qei
 .text.Get_mmps
                0x080025aa       0x1e ./Core/Src/qei.o
                0x080025aa                Get_mmps
 .text.HAL_MspInit
                0x080025c8       0x48 ./Core/Src/stm32g4xx_hal_msp.o
                0x080025c8                HAL_MspInit
 .text.HAL_ADC_MspInit
                0x08002610      0x114 ./Core/Src/stm32g4xx_hal_msp.o
                0x08002610                HAL_ADC_MspInit
 .text.HAL_TIM_Base_MspInit
                0x08002724       0xbc ./Core/Src/stm32g4xx_hal_msp.o
                0x08002724                HAL_TIM_Base_MspInit
 .text.HAL_TIM_Encoder_MspInit
                0x080027e0       0x98 ./Core/Src/stm32g4xx_hal_msp.o
                0x080027e0                HAL_TIM_Encoder_MspInit
 .text.HAL_TIM_MspPostInit
                0x08002878       0x70 ./Core/Src/stm32g4xx_hal_msp.o
                0x08002878                HAL_TIM_MspPostInit
 .text.HAL_UART_MspInit
                0x080028e8      0x178 ./Core/Src/stm32g4xx_hal_msp.o
                0x080028e8                HAL_UART_MspInit
 .text.NMI_Handler
                0x08002a60        0x8 ./Core/Src/stm32g4xx_it.o
                0x08002a60                NMI_Handler
 .text.HardFault_Handler
                0x08002a68        0x8 ./Core/Src/stm32g4xx_it.o
                0x08002a68                HardFault_Handler
 .text.MemManage_Handler
                0x08002a70        0x8 ./Core/Src/stm32g4xx_it.o
                0x08002a70                MemManage_Handler
 .text.BusFault_Handler
                0x08002a78        0x8 ./Core/Src/stm32g4xx_it.o
                0x08002a78                BusFault_Handler
 .text.UsageFault_Handler
                0x08002a80        0x8 ./Core/Src/stm32g4xx_it.o
                0x08002a80                UsageFault_Handler
 .text.SVC_Handler
                0x08002a88        0xe ./Core/Src/stm32g4xx_it.o
                0x08002a88                SVC_Handler
 .text.DebugMon_Handler
                0x08002a96        0xe ./Core/Src/stm32g4xx_it.o
                0x08002a96                DebugMon_Handler
 .text.PendSV_Handler
                0x08002aa4        0xe ./Core/Src/stm32g4xx_it.o
                0x08002aa4                PendSV_Handler
 .text.SysTick_Handler
                0x08002ab2        0xc ./Core/Src/stm32g4xx_it.o
                0x08002ab2                SysTick_Handler
 *fill*         0x08002abe        0x2 
 .text.DMA1_Channel1_IRQHandler
                0x08002ac0       0x14 ./Core/Src/stm32g4xx_it.o
                0x08002ac0                DMA1_Channel1_IRQHandler
 .text.DMA1_Channel2_IRQHandler
                0x08002ad4       0x14 ./Core/Src/stm32g4xx_it.o
                0x08002ad4                DMA1_Channel2_IRQHandler
 .text.DMA1_Channel3_IRQHandler
                0x08002ae8       0x14 ./Core/Src/stm32g4xx_it.o
                0x08002ae8                DMA1_Channel3_IRQHandler
 .text.ADC1_2_IRQHandler
                0x08002afc       0x14 ./Core/Src/stm32g4xx_it.o
                0x08002afc                ADC1_2_IRQHandler
 .text.TIM1_UP_TIM16_IRQHandler
                0x08002b10       0x1c ./Core/Src/stm32g4xx_it.o
                0x08002b10                TIM1_UP_TIM16_IRQHandler
 .text.TIM3_IRQHandler
                0x08002b2c       0x14 ./Core/Src/stm32g4xx_it.o
                0x08002b2c                TIM3_IRQHandler
 .text.TIM4_IRQHandler
                0x08002b40       0x14 ./Core/Src/stm32g4xx_it.o
                0x08002b40                TIM4_IRQHandler
 .text.USART2_IRQHandler
                0x08002b54       0x14 ./Core/Src/stm32g4xx_it.o
                0x08002b54                USART2_IRQHandler
 .text.EXTI15_10_IRQHandler
                0x08002b68       0x20 ./Core/Src/stm32g4xx_it.o
                0x08002b68                EXTI15_10_IRQHandler
 .text.SystemInit
                0x08002b88       0x24 ./Core/Src/system_stm32g4xx.o
                0x08002b88                SystemInit
 .text.Reset_Handler
                0x08002bac       0x50 ./Core/Startup/startup_stm32g474retx.o
                0x08002bac                Reset_Handler
 .text.Default_Handler
                0x08002bfc        0x2 ./Core/Startup/startup_stm32g474retx.o
                0x08002bfc                RTC_Alarm_IRQHandler
                0x08002bfc                EXTI2_IRQHandler
                0x08002bfc                TIM8_TRG_COM_IRQHandler
                0x08002bfc                TIM8_CC_IRQHandler
                0x08002bfc                HRTIM1_Master_IRQHandler
                0x08002bfc                SPI4_IRQHandler
                0x08002bfc                FDCAN3_IT0_IRQHandler
                0x08002bfc                TIM1_CC_IRQHandler
                0x08002bfc                HRTIM1_FLT_IRQHandler
                0x08002bfc                HRTIM1_TIMF_IRQHandler
                0x08002bfc                USB_HP_IRQHandler
                0x08002bfc                CORDIC_IRQHandler
                0x08002bfc                HRTIM1_TIMD_IRQHandler
                0x08002bfc                DMA2_Channel8_IRQHandler
                0x08002bfc                EXTI3_IRQHandler
                0x08002bfc                I2C3_ER_IRQHandler
                0x08002bfc                EXTI0_IRQHandler
                0x08002bfc                I2C2_EV_IRQHandler
                0x08002bfc                FPU_IRQHandler
                0x08002bfc                FDCAN1_IT1_IRQHandler
                0x08002bfc                HRTIM1_TIME_IRQHandler
                0x08002bfc                SPI1_IRQHandler
                0x08002bfc                TIM6_DAC_IRQHandler
                0x08002bfc                HRTIM1_TIMC_IRQHandler
                0x08002bfc                TIM8_UP_IRQHandler
                0x08002bfc                DMA2_Channel2_IRQHandler
                0x08002bfc                DMA1_Channel4_IRQHandler
                0x08002bfc                TIM20_TRG_COM_IRQHandler
                0x08002bfc                USART3_IRQHandler
                0x08002bfc                DMA1_Channel7_IRQHandler
                0x08002bfc                UART5_IRQHandler
                0x08002bfc                ADC3_IRQHandler
                0x08002bfc                DMA2_Channel1_IRQHandler
                0x08002bfc                QUADSPI_IRQHandler
                0x08002bfc                I2C1_EV_IRQHandler
                0x08002bfc                DMA1_Channel6_IRQHandler
                0x08002bfc                UART4_IRQHandler
                0x08002bfc                DMA2_Channel4_IRQHandler
                0x08002bfc                RCC_IRQHandler
                0x08002bfc                TIM20_UP_IRQHandler
                0x08002bfc                Default_Handler
                0x08002bfc                DMA2_Channel7_IRQHandler
                0x08002bfc                RTC_TAMP_LSECSS_IRQHandler
                0x08002bfc                FMAC_IRQHandler
                0x08002bfc                DMA1_Channel8_IRQHandler
                0x08002bfc                HRTIM1_TIMA_IRQHandler
                0x08002bfc                TIM7_DAC_IRQHandler
                0x08002bfc                FDCAN3_IT1_IRQHandler
                0x08002bfc                TIM5_IRQHandler
                0x08002bfc                UCPD1_IRQHandler
                0x08002bfc                I2C3_EV_IRQHandler
                0x08002bfc                EXTI9_5_IRQHandler
                0x08002bfc                RTC_WKUP_IRQHandler
                0x08002bfc                PVD_PVM_IRQHandler
                0x08002bfc                SPI2_IRQHandler
                0x08002bfc                ADC5_IRQHandler
                0x08002bfc                DMA2_Channel5_IRQHandler
                0x08002bfc                CRS_IRQHandler
                0x08002bfc                DMA1_Channel5_IRQHandler
                0x08002bfc                USB_LP_IRQHandler
                0x08002bfc                EXTI4_IRQHandler
                0x08002bfc                RNG_IRQHandler
                0x08002bfc                HRTIM1_TIMB_IRQHandler
                0x08002bfc                TIM1_TRG_COM_TIM17_IRQHandler
                0x08002bfc                FDCAN2_IT1_IRQHandler
                0x08002bfc                ADC4_IRQHandler
                0x08002bfc                WWDG_IRQHandler
                0x08002bfc                I2C4_EV_IRQHandler
                0x08002bfc                FDCAN2_IT0_IRQHandler
                0x08002bfc                LPUART1_IRQHandler
                0x08002bfc                DMA2_Channel6_IRQHandler
                0x08002bfc                FDCAN1_IT0_IRQHandler
                0x08002bfc                TIM2_IRQHandler
                0x08002bfc                COMP7_IRQHandler
                0x08002bfc                COMP1_2_3_IRQHandler
                0x08002bfc                EXTI1_IRQHandler
                0x08002bfc                COMP4_5_6_IRQHandler
                0x08002bfc                TIM20_BRK_IRQHandler
                0x08002bfc                I2C2_ER_IRQHandler
                0x08002bfc                TIM8_BRK_IRQHandler
                0x08002bfc                FLASH_IRQHandler
                0x08002bfc                TIM20_CC_IRQHandler
                0x08002bfc                USART1_IRQHandler
                0x08002bfc                SPI3_IRQHandler
                0x08002bfc                I2C1_ER_IRQHandler
                0x08002bfc                FMC_IRQHandler
                0x08002bfc                LPTIM1_IRQHandler
                0x08002bfc                DMAMUX_OVR_IRQHandler
                0x08002bfc                I2C4_ER_IRQHandler
                0x08002bfc                USBWakeUp_IRQHandler
                0x08002bfc                SAI1_IRQHandler
                0x08002bfc                DMA2_Channel3_IRQHandler
                0x08002bfc                TIM1_BRK_TIM15_IRQHandler
 .text.HAL_Init
                0x08002bfe       0x30 ./Drivers/STM32G4xx_HAL_Driver/Src/stm32g4xx_hal.o
                0x08002bfe                HAL_Init
 *fill*         0x08002c2e        0x2 
 .text.HAL_InitTick
                0x08002c30       0x74 ./Drivers/STM32G4xx_HAL_Driver/Src/stm32g4xx_hal.o
                0x08002c30                HAL_InitTick
 .text.HAL_IncTick
                0x08002ca4       0x24 ./Drivers/STM32G4xx_HAL_Driver/Src/stm32g4xx_hal.o
                0x08002ca4                HAL_IncTick
 .text.HAL_GetTick
                0x08002cc8       0x18 ./Drivers/STM32G4xx_HAL_Driver/Src/stm32g4xx_hal.o
                0x08002cc8                HAL_GetTick
 .text.LL_ADC_SetCommonClock
                0x08002ce0       0x26 ./Drivers/STM32G4xx_HAL_Driver/Src/stm32g4xx_hal_adc.o
 .text.LL_ADC_SetCommonPathInternalCh
                0x08002d06       0x26 ./Drivers/STM32G4xx_HAL_Driver/Src/stm32g4xx_hal_adc.o
 .text.LL_ADC_GetCommonPathInternalCh
                0x08002d2c       0x1c ./Drivers/STM32G4xx_HAL_Driver/Src/stm32g4xx_hal_adc.o
 .text.LL_ADC_SetOffset
                0x08002d48       0x48 ./Drivers/STM32G4xx_HAL_Driver/Src/stm32g4xx_hal_adc.o
 .text.LL_ADC_GetOffsetChannel
                0x08002d90       0x2c ./Drivers/STM32G4xx_HAL_Driver/Src/stm32g4xx_hal_adc.o
 .text.LL_ADC_SetOffsetState
                0x08002dbc       0x36 ./Drivers/STM32G4xx_HAL_Driver/Src/stm32g4xx_hal_adc.o
 .text.LL_ADC_SetOffsetSign
                0x08002df2       0x36 ./Drivers/STM32G4xx_HAL_Driver/Src/stm32g4xx_hal_adc.o
 .text.LL_ADC_SetOffsetSaturation
                0x08002e28       0x36 ./Drivers/STM32G4xx_HAL_Driver/Src/stm32g4xx_hal_adc.o
 .text.LL_ADC_SetSamplingTimeCommonConfig
                0x08002e5e       0x26 ./Drivers/STM32G4xx_HAL_Driver/Src/stm32g4xx_hal_adc.o
 .text.LL_ADC_REG_IsTriggerSourceSWStart
                0x08002e84       0x26 ./Drivers/STM32G4xx_HAL_Driver/Src/stm32g4xx_hal_adc.o
 .text.LL_ADC_REG_SetSequencerRanks
                0x08002eaa       0x58 ./Drivers/STM32G4xx_HAL_Driver/Src/stm32g4xx_hal_adc.o
 .text.LL_ADC_INJ_IsTriggerSourceSWStart
                0x08002f02       0x26 ./Drivers/STM32G4xx_HAL_Driver/Src/stm32g4xx_hal_adc.o
 .text.LL_ADC_SetChannelSamplingTime
                0x08002f28       0x56 ./Drivers/STM32G4xx_HAL_Driver/Src/stm32g4xx_hal_adc.o
 *fill*         0x08002f7e        0x2 
 .text.LL_ADC_SetChannelSingleDiff
                0x08002f80       0x48 ./Drivers/STM32G4xx_HAL_Driver/Src/stm32g4xx_hal_adc.o
 .text.LL_ADC_GetMultimode
                0x08002fc8       0x1c ./Drivers/STM32G4xx_HAL_Driver/Src/stm32g4xx_hal_adc.o
 .text.LL_ADC_GetMultiDMATransfer
                0x08002fe4       0x1c ./Drivers/STM32G4xx_HAL_Driver/Src/stm32g4xx_hal_adc.o
 .text.LL_ADC_DisableDeepPowerDown
                0x08003000       0x24 ./Drivers/STM32G4xx_HAL_Driver/Src/stm32g4xx_hal_adc.o
 .text.LL_ADC_IsDeepPowerDownEnabled
                0x08003024       0x28 ./Drivers/STM32G4xx_HAL_Driver/Src/stm32g4xx_hal_adc.o
 .text.LL_ADC_EnableInternalRegulator
                0x0800304c       0x28 ./Drivers/STM32G4xx_HAL_Driver/Src/stm32g4xx_hal_adc.o
 .text.LL_ADC_IsInternalRegulatorEnabled
                0x08003074       0x28 ./Drivers/STM32G4xx_HAL_Driver/Src/stm32g4xx_hal_adc.o
 .text.LL_ADC_Enable
                0x0800309c       0x28 ./Drivers/STM32G4xx_HAL_Driver/Src/stm32g4xx_hal_adc.o
 .text.LL_ADC_IsEnabled
                0x080030c4       0x26 ./Drivers/STM32G4xx_HAL_Driver/Src/stm32g4xx_hal_adc.o
 .text.LL_ADC_REG_StartConversion
                0x080030ea       0x28 ./Drivers/STM32G4xx_HAL_Driver/Src/stm32g4xx_hal_adc.o
 .text.LL_ADC_REG_IsConversionOngoing
                0x08003112       0x26 ./Drivers/STM32G4xx_HAL_Driver/Src/stm32g4xx_hal_adc.o
 .text.LL_ADC_INJ_IsConversionOngoing
                0x08003138       0x26 ./Drivers/STM32G4xx_HAL_Driver/Src/stm32g4xx_hal_adc.o
 *fill*         0x0800315e        0x2 
 .text.HAL_ADC_Init
                0x08003160      0x378 ./Drivers/STM32G4xx_HAL_Driver/Src/stm32g4xx_hal_adc.o
                0x08003160                HAL_ADC_Init
 .text.HAL_ADC_Start_DMA
                0x080034d8      0x1a8 ./Drivers/STM32G4xx_HAL_Driver/Src/stm32g4xx_hal_adc.o
                0x080034d8                HAL_ADC_Start_DMA
 .text.HAL_ADC_IRQHandler
                0x08003680      0x4c0 ./Drivers/STM32G4xx_HAL_Driver/Src/stm32g4xx_hal_adc.o
                0x08003680                HAL_ADC_IRQHandler
 .text.HAL_ADC_ConvCpltCallback
                0x08003b40       0x14 ./Drivers/STM32G4xx_HAL_Driver/Src/stm32g4xx_hal_adc.o
                0x08003b40                HAL_ADC_ConvCpltCallback
 .text.HAL_ADC_ConvHalfCpltCallback
                0x08003b54       0x14 ./Drivers/STM32G4xx_HAL_Driver/Src/stm32g4xx_hal_adc.o
                0x08003b54                HAL_ADC_ConvHalfCpltCallback
 .text.HAL_ADC_LevelOutOfWindowCallback
                0x08003b68       0x14 ./Drivers/STM32G4xx_HAL_Driver/Src/stm32g4xx_hal_adc.o
                0x08003b68                HAL_ADC_LevelOutOfWindowCallback
 .text.HAL_ADC_ErrorCallback
                0x08003b7c       0x14 ./Drivers/STM32G4xx_HAL_Driver/Src/stm32g4xx_hal_adc.o
                0x08003b7c                HAL_ADC_ErrorCallback
 .text.HAL_ADC_ConfigChannel
                0x08003b90      0x880 ./Drivers/STM32G4xx_HAL_Driver/Src/stm32g4xx_hal_adc.o
                0x08003b90                HAL_ADC_ConfigChannel
 .text.ADC_Enable
                0x08004410      0x12c ./Drivers/STM32G4xx_HAL_Driver/Src/stm32g4xx_hal_adc.o
                0x08004410                ADC_Enable
 .text.ADC_DMAConvCplt
                0x0800453c       0xd8 ./Drivers/STM32G4xx_HAL_Driver/Src/stm32g4xx_hal_adc.o
                0x0800453c                ADC_DMAConvCplt
 .text.ADC_DMAHalfConvCplt
                0x08004614       0x1c ./Drivers/STM32G4xx_HAL_Driver/Src/stm32g4xx_hal_adc.o
                0x08004614                ADC_DMAHalfConvCplt
 .text.ADC_DMAError
                0x08004630       0x34 ./Drivers/STM32G4xx_HAL_Driver/Src/stm32g4xx_hal_adc.o
                0x08004630                ADC_DMAError
 .text.LL_ADC_IsEnabled
                0x08004664       0x26 ./Drivers/STM32G4xx_HAL_Driver/Src/stm32g4xx_hal_adc_ex.o
 .text.LL_ADC_REG_IsConversionOngoing
                0x0800468a       0x26 ./Drivers/STM32G4xx_HAL_Driver/Src/stm32g4xx_hal_adc_ex.o
 .text.HAL_ADCEx_InjectedConvCpltCallback
                0x080046b0       0x14 ./Drivers/STM32G4xx_HAL_Driver/Src/stm32g4xx_hal_adc_ex.o
                0x080046b0                HAL_ADCEx_InjectedConvCpltCallback
 .text.HAL_ADCEx_InjectedQueueOverflowCallback
                0x080046c4       0x14 ./Drivers/STM32G4xx_HAL_Driver/Src/stm32g4xx_hal_adc_ex.o
                0x080046c4                HAL_ADCEx_InjectedQueueOverflowCallback
 .text.HAL_ADCEx_LevelOutOfWindow2Callback
                0x080046d8       0x14 ./Drivers/STM32G4xx_HAL_Driver/Src/stm32g4xx_hal_adc_ex.o
                0x080046d8                HAL_ADCEx_LevelOutOfWindow2Callback
 .text.HAL_ADCEx_LevelOutOfWindow3Callback
                0x080046ec       0x14 ./Drivers/STM32G4xx_HAL_Driver/Src/stm32g4xx_hal_adc_ex.o
                0x080046ec                HAL_ADCEx_LevelOutOfWindow3Callback
 .text.HAL_ADCEx_EndOfSamplingCallback
                0x08004700       0x14 ./Drivers/STM32G4xx_HAL_Driver/Src/stm32g4xx_hal_adc_ex.o
                0x08004700                HAL_ADCEx_EndOfSamplingCallback
 .text.HAL_ADCEx_MultiModeConfigChannel
                0x08004714      0x210 ./Drivers/STM32G4xx_HAL_Driver/Src/stm32g4xx_hal_adc_ex.o
                0x08004714                HAL_ADCEx_MultiModeConfigChannel
 .text.__NVIC_SetPriorityGrouping
                0x08004924       0x48 ./Drivers/STM32G4xx_HAL_Driver/Src/stm32g4xx_hal_cortex.o
 .text.__NVIC_GetPriorityGrouping
                0x0800496c       0x1c ./Drivers/STM32G4xx_HAL_Driver/Src/stm32g4xx_hal_cortex.o
 .text.__NVIC_EnableIRQ
                0x08004988       0x3c ./Drivers/STM32G4xx_HAL_Driver/Src/stm32g4xx_hal_cortex.o
 .text.__NVIC_SetPriority
                0x080049c4       0x54 ./Drivers/STM32G4xx_HAL_Driver/Src/stm32g4xx_hal_cortex.o
 .text.NVIC_EncodePriority
                0x08004a18       0x66 ./Drivers/STM32G4xx_HAL_Driver/Src/stm32g4xx_hal_cortex.o
 *fill*         0x08004a7e        0x2 
 .text.SysTick_Config
                0x08004a80       0x44 ./Drivers/STM32G4xx_HAL_Driver/Src/stm32g4xx_hal_cortex.o
 .text.HAL_NVIC_SetPriorityGrouping
                0x08004ac4       0x16 ./Drivers/STM32G4xx_HAL_Driver/Src/stm32g4xx_hal_cortex.o
                0x08004ac4                HAL_NVIC_SetPriorityGrouping
 .text.HAL_NVIC_SetPriority
                0x08004ada       0x34 ./Drivers/STM32G4xx_HAL_Driver/Src/stm32g4xx_hal_cortex.o
                0x08004ada                HAL_NVIC_SetPriority
 .text.HAL_NVIC_EnableIRQ
                0x08004b0e       0x1c ./Drivers/STM32G4xx_HAL_Driver/Src/stm32g4xx_hal_cortex.o
                0x08004b0e                HAL_NVIC_EnableIRQ
 .text.HAL_SYSTICK_Config
                0x08004b2a       0x18 ./Drivers/STM32G4xx_HAL_Driver/Src/stm32g4xx_hal_cortex.o
                0x08004b2a                HAL_SYSTICK_Config
 *fill*         0x08004b42        0x2 
 .text.HAL_DMA_Init
                0x08004b44      0x150 ./Drivers/STM32G4xx_HAL_Driver/Src/stm32g4xx_hal_dma.o
                0x08004b44                HAL_DMA_Init
 .text.HAL_DMA_Start_IT
                0x08004c94       0xf6 ./Drivers/STM32G4xx_HAL_Driver/Src/stm32g4xx_hal_dma.o
                0x08004c94                HAL_DMA_Start_IT
 .text.HAL_DMA_Abort
                0x08004d8a       0xb2 ./Drivers/STM32G4xx_HAL_Driver/Src/stm32g4xx_hal_dma.o
                0x08004d8a                HAL_DMA_Abort
 .text.HAL_DMA_Abort_IT
                0x08004e3c       0xce ./Drivers/STM32G4xx_HAL_Driver/Src/stm32g4xx_hal_dma.o
                0x08004e3c                HAL_DMA_Abort_IT
 .text.HAL_DMA_IRQHandler
                0x08004f0a      0x15e ./Drivers/STM32G4xx_HAL_Driver/Src/stm32g4xx_hal_dma.o
                0x08004f0a                HAL_DMA_IRQHandler
 .text.DMA_SetConfig
                0x08005068       0x7c ./Drivers/STM32G4xx_HAL_Driver/Src/stm32g4xx_hal_dma.o
 .text.DMA_CalcDMAMUXChannelBaseAndMask
                0x080050e4       0x7c ./Drivers/STM32G4xx_HAL_Driver/Src/stm32g4xx_hal_dma.o
 .text.DMA_CalcDMAMUXRequestGenBaseAndMask
                0x08005160       0x48 ./Drivers/STM32G4xx_HAL_Driver/Src/stm32g4xx_hal_dma.o
 .text.HAL_GPIO_Init
                0x080051a8      0x304 ./Drivers/STM32G4xx_HAL_Driver/Src/stm32g4xx_hal_gpio.o
                0x080051a8                HAL_GPIO_Init
 .text.HAL_GPIO_ReadPin
                0x080054ac       0x30 ./Drivers/STM32G4xx_HAL_Driver/Src/stm32g4xx_hal_gpio.o
                0x080054ac                HAL_GPIO_ReadPin
 .text.HAL_GPIO_WritePin
                0x080054dc       0x30 ./Drivers/STM32G4xx_HAL_Driver/Src/stm32g4xx_hal_gpio.o
                0x080054dc                HAL_GPIO_WritePin
 .text.HAL_GPIO_EXTI_IRQHandler
                0x0800550c       0x30 ./Drivers/STM32G4xx_HAL_Driver/Src/stm32g4xx_hal_gpio.o
                0x0800550c                HAL_GPIO_EXTI_IRQHandler
 .text.HAL_PWREx_ControlVoltageScaling
                0x0800553c      0x148 ./Drivers/STM32G4xx_HAL_Driver/Src/stm32g4xx_hal_pwr_ex.o
                0x0800553c                HAL_PWREx_ControlVoltageScaling
 .text.HAL_PWREx_DisableUCPDDeadBattery
                0x08005684       0x20 ./Drivers/STM32G4xx_HAL_Driver/Src/stm32g4xx_hal_pwr_ex.o
                0x08005684                HAL_PWREx_DisableUCPDDeadBattery
 .text.HAL_RCC_OscConfig
                0x080056a4      0x624 ./Drivers/STM32G4xx_HAL_Driver/Src/stm32g4xx_hal_rcc.o
                0x080056a4                HAL_RCC_OscConfig
 .text.HAL_RCC_ClockConfig
                0x08005cc8      0x278 ./Drivers/STM32G4xx_HAL_Driver/Src/stm32g4xx_hal_rcc.o
                0x08005cc8                HAL_RCC_ClockConfig
 .text.HAL_RCC_GetSysClockFreq
                0x08005f40       0xc4 ./Drivers/STM32G4xx_HAL_Driver/Src/stm32g4xx_hal_rcc.o
                0x08005f40                HAL_RCC_GetSysClockFreq
 .text.HAL_RCC_GetHCLKFreq
                0x08006004       0x18 ./Drivers/STM32G4xx_HAL_Driver/Src/stm32g4xx_hal_rcc.o
                0x08006004                HAL_RCC_GetHCLKFreq
 .text.HAL_RCC_GetPCLK1Freq
                0x0800601c       0x2c ./Drivers/STM32G4xx_HAL_Driver/Src/stm32g4xx_hal_rcc.o
                0x0800601c                HAL_RCC_GetPCLK1Freq
 .text.HAL_RCC_GetPCLK2Freq
                0x08006048       0x2c ./Drivers/STM32G4xx_HAL_Driver/Src/stm32g4xx_hal_rcc.o
                0x08006048                HAL_RCC_GetPCLK2Freq
 .text.RCC_GetSysClockFreqFromPLLSource
                0x08006074       0x8c ./Drivers/STM32G4xx_HAL_Driver/Src/stm32g4xx_hal_rcc.o
 .text.HAL_RCCEx_PeriphCLKConfig
                0x08006100      0x49c ./Drivers/STM32G4xx_HAL_Driver/Src/stm32g4xx_hal_rcc_ex.o
                0x08006100                HAL_RCCEx_PeriphCLKConfig
 .text.HAL_TIM_Base_Init
                0x0800659c       0xc8 ./Drivers/STM32G4xx_HAL_Driver/Src/stm32g4xx_hal_tim.o
                0x0800659c                HAL_TIM_Base_Init
 .text.HAL_TIM_Base_Start
                0x08006664       0xe0 ./Drivers/STM32G4xx_HAL_Driver/Src/stm32g4xx_hal_tim.o
                0x08006664                HAL_TIM_Base_Start
 .text.HAL_TIM_Base_Start_IT
                0x08006744       0xf0 ./Drivers/STM32G4xx_HAL_Driver/Src/stm32g4xx_hal_tim.o
                0x08006744                HAL_TIM_Base_Start_IT
 .text.HAL_TIM_PWM_Init
                0x08006834       0xc8 ./Drivers/STM32G4xx_HAL_Driver/Src/stm32g4xx_hal_tim.o
                0x08006834                HAL_TIM_PWM_Init
 .text.HAL_TIM_PWM_MspInit
                0x080068fc       0x14 ./Drivers/STM32G4xx_HAL_Driver/Src/stm32g4xx_hal_tim.o
                0x080068fc                HAL_TIM_PWM_MspInit
 .text.HAL_TIM_PWM_Start
                0x08006910      0x224 ./Drivers/STM32G4xx_HAL_Driver/Src/stm32g4xx_hal_tim.o
                0x08006910                HAL_TIM_PWM_Start
 .text.HAL_TIM_OnePulse_Init
                0x08006b34       0xbc ./Drivers/STM32G4xx_HAL_Driver/Src/stm32g4xx_hal_tim.o
                0x08006b34                HAL_TIM_OnePulse_Init
 .text.HAL_TIM_OnePulse_MspInit
                0x08006bf0       0x14 ./Drivers/STM32G4xx_HAL_Driver/Src/stm32g4xx_hal_tim.o
                0x08006bf0                HAL_TIM_OnePulse_MspInit
 .text.HAL_TIM_Encoder_Init
                0x08006c04      0x168 ./Drivers/STM32G4xx_HAL_Driver/Src/stm32g4xx_hal_tim.o
                0x08006c04                HAL_TIM_Encoder_Init
 .text.HAL_TIM_Encoder_Start
                0x08006d6c      0x11c ./Drivers/STM32G4xx_HAL_Driver/Src/stm32g4xx_hal_tim.o
                0x08006d6c                HAL_TIM_Encoder_Start
 .text.HAL_TIM_IRQHandler
                0x08006e88      0x2f2 ./Drivers/STM32G4xx_HAL_Driver/Src/stm32g4xx_hal_tim.o
                0x08006e88                HAL_TIM_IRQHandler
 *fill*         0x0800717a        0x2 
 .text.HAL_TIM_PWM_ConfigChannel
                0x0800717c      0x228 ./Drivers/STM32G4xx_HAL_Driver/Src/stm32g4xx_hal_tim.o
                0x0800717c                HAL_TIM_PWM_ConfigChannel
 .text.HAL_TIM_ConfigClockSource
                0x080073a4      0x22c ./Drivers/STM32G4xx_HAL_Driver/Src/stm32g4xx_hal_tim.o
                0x080073a4                HAL_TIM_ConfigClockSource
 .text.HAL_TIM_PeriodElapsedHalfCpltCallback
                0x080075d0       0x14 ./Drivers/STM32G4xx_HAL_Driver/Src/stm32g4xx_hal_tim.o
                0x080075d0                HAL_TIM_PeriodElapsedHalfCpltCallback
 .text.HAL_TIM_OC_DelayElapsedCallback
                0x080075e4       0x14 ./Drivers/STM32G4xx_HAL_Driver/Src/stm32g4xx_hal_tim.o
                0x080075e4                HAL_TIM_OC_DelayElapsedCallback
 .text.HAL_TIM_IC_CaptureCallback
                0x080075f8       0x14 ./Drivers/STM32G4xx_HAL_Driver/Src/stm32g4xx_hal_tim.o
                0x080075f8                HAL_TIM_IC_CaptureCallback
 .text.HAL_TIM_IC_CaptureHalfCpltCallback
                0x0800760c       0x14 ./Drivers/STM32G4xx_HAL_Driver/Src/stm32g4xx_hal_tim.o
                0x0800760c                HAL_TIM_IC_CaptureHalfCpltCallback
 .text.HAL_TIM_PWM_PulseFinishedCallback
                0x08007620       0x14 ./Drivers/STM32G4xx_HAL_Driver/Src/stm32g4xx_hal_tim.o
                0x08007620                HAL_TIM_PWM_PulseFinishedCallback
 .text.HAL_TIM_PWM_PulseFinishedHalfCpltCallback
                0x08007634       0x14 ./Drivers/STM32G4xx_HAL_Driver/Src/stm32g4xx_hal_tim.o
                0x08007634                HAL_TIM_PWM_PulseFinishedHalfCpltCallback
 .text.HAL_TIM_TriggerCallback
                0x08007648       0x14 ./Drivers/STM32G4xx_HAL_Driver/Src/stm32g4xx_hal_tim.o
                0x08007648                HAL_TIM_TriggerCallback
 .text.HAL_TIM_TriggerHalfCpltCallback
                0x0800765c       0x14 ./Drivers/STM32G4xx_HAL_Driver/Src/stm32g4xx_hal_tim.o
                0x0800765c                HAL_TIM_TriggerHalfCpltCallback
 .text.HAL_TIM_ErrorCallback
                0x08007670       0x14 ./Drivers/STM32G4xx_HAL_Driver/Src/stm32g4xx_hal_tim.o
                0x08007670                HAL_TIM_ErrorCallback
 .text.TIM_Base_SetConfig
                0x08007684      0x168 ./Drivers/STM32G4xx_HAL_Driver/Src/stm32g4xx_hal_tim.o
                0x08007684                TIM_Base_SetConfig
 .text.TIM_OC1_SetConfig
                0x080077ec      0x134 ./Drivers/STM32G4xx_HAL_Driver/Src/stm32g4xx_hal_tim.o
 .text.TIM_OC2_SetConfig
                0x08007920      0x128 ./Drivers/STM32G4xx_HAL_Driver/Src/stm32g4xx_hal_tim.o
                0x08007920                TIM_OC2_SetConfig
 .text.TIM_OC3_SetConfig
                0x08007a48      0x124 ./Drivers/STM32G4xx_HAL_Driver/Src/stm32g4xx_hal_tim.o
 .text.TIM_OC4_SetConfig
                0x08007b6c      0x128 ./Drivers/STM32G4xx_HAL_Driver/Src/stm32g4xx_hal_tim.o
 .text.TIM_OC5_SetConfig
                0x08007c94       0xd4 ./Drivers/STM32G4xx_HAL_Driver/Src/stm32g4xx_hal_tim.o
 .text.TIM_OC6_SetConfig
                0x08007d68       0xd8 ./Drivers/STM32G4xx_HAL_Driver/Src/stm32g4xx_hal_tim.o
 .text.TIM_TI1_ConfigInputStage
                0x08007e40       0x5e ./Drivers/STM32G4xx_HAL_Driver/Src/stm32g4xx_hal_tim.o
 .text.TIM_TI2_ConfigInputStage
                0x08007e9e       0x60 ./Drivers/STM32G4xx_HAL_Driver/Src/stm32g4xx_hal_tim.o
 .text.TIM_ITRx_SetConfig
                0x08007efe       0x3a ./Drivers/STM32G4xx_HAL_Driver/Src/stm32g4xx_hal_tim.o
 .text.TIM_ETR_SetConfig
                0x08007f38       0x40 ./Drivers/STM32G4xx_HAL_Driver/Src/stm32g4xx_hal_tim.o
                0x08007f38                TIM_ETR_SetConfig
 .text.TIM_CCxChannelCmd
                0x08007f78       0x4a ./Drivers/STM32G4xx_HAL_Driver/Src/stm32g4xx_hal_tim.o
                0x08007f78                TIM_CCxChannelCmd
 *fill*         0x08007fc2        0x2 
 .text.TIM_ResetCallback
                0x08007fc4       0xec ./Drivers/STM32G4xx_HAL_Driver/Src/stm32g4xx_hal_tim.o
                0x08007fc4                TIM_ResetCallback
 .text.HAL_TIMEx_MasterConfigSynchronization
                0x080080b0      0x12c ./Drivers/STM32G4xx_HAL_Driver/Src/stm32g4xx_hal_tim_ex.o
                0x080080b0                HAL_TIMEx_MasterConfigSynchronization
 .text.HAL_TIMEx_ConfigBreakDeadTime
                0x080081dc      0x128 ./Drivers/STM32G4xx_HAL_Driver/Src/stm32g4xx_hal_tim_ex.o
                0x080081dc                HAL_TIMEx_ConfigBreakDeadTime
 .text.HAL_TIMEx_CommutCallback
                0x08008304       0x14 ./Drivers/STM32G4xx_HAL_Driver/Src/stm32g4xx_hal_tim_ex.o
                0x08008304                HAL_TIMEx_CommutCallback
 .text.HAL_TIMEx_CommutHalfCpltCallback
                0x08008318       0x14 ./Drivers/STM32G4xx_HAL_Driver/Src/stm32g4xx_hal_tim_ex.o
                0x08008318                HAL_TIMEx_CommutHalfCpltCallback
 .text.HAL_TIMEx_BreakCallback
                0x0800832c       0x14 ./Drivers/STM32G4xx_HAL_Driver/Src/stm32g4xx_hal_tim_ex.o
                0x0800832c                HAL_TIMEx_BreakCallback
 .text.HAL_TIMEx_Break2Callback
                0x08008340       0x14 ./Drivers/STM32G4xx_HAL_Driver/Src/stm32g4xx_hal_tim_ex.o
                0x08008340                HAL_TIMEx_Break2Callback
 .text.HAL_TIMEx_EncoderIndexCallback
                0x08008354       0x14 ./Drivers/STM32G4xx_HAL_Driver/Src/stm32g4xx_hal_tim_ex.o
                0x08008354                HAL_TIMEx_EncoderIndexCallback
 .text.HAL_TIMEx_DirectionChangeCallback
                0x08008368       0x14 ./Drivers/STM32G4xx_HAL_Driver/Src/stm32g4xx_hal_tim_ex.o
                0x08008368                HAL_TIMEx_DirectionChangeCallback
 .text.HAL_TIMEx_IndexErrorCallback
                0x0800837c       0x14 ./Drivers/STM32G4xx_HAL_Driver/Src/stm32g4xx_hal_tim_ex.o
                0x0800837c                HAL_TIMEx_IndexErrorCallback
 .text.HAL_TIMEx_TransitionErrorCallback
                0x08008390       0x14 ./Drivers/STM32G4xx_HAL_Driver/Src/stm32g4xx_hal_tim_ex.o
                0x08008390                HAL_TIMEx_TransitionErrorCallback
 .text.HAL_UART_Init
                0x080083a4       0xc0 ./Drivers/STM32G4xx_HAL_Driver/Src/stm32g4xx_hal_uart.o
                0x080083a4                HAL_UART_Init
 .text.HAL_UART_IRQHandler
                0x08008464      0x668 ./Drivers/STM32G4xx_HAL_Driver/Src/stm32g4xx_hal_uart.o
                0x08008464                HAL_UART_IRQHandler
 .text.HAL_UART_TxCpltCallback
                0x08008acc       0x14 ./Drivers/STM32G4xx_HAL_Driver/Src/stm32g4xx_hal_uart.o
                0x08008acc                HAL_UART_TxCpltCallback
 .text.HAL_UART_TxHalfCpltCallback
                0x08008ae0       0x14 ./Drivers/STM32G4xx_HAL_Driver/Src/stm32g4xx_hal_uart.o
                0x08008ae0                HAL_UART_TxHalfCpltCallback
 .text.HAL_UART_RxCpltCallback
                0x08008af4       0x14 ./Drivers/STM32G4xx_HAL_Driver/Src/stm32g4xx_hal_uart.o
                0x08008af4                HAL_UART_RxCpltCallback
 .text.HAL_UART_RxHalfCpltCallback
                0x08008b08       0x14 ./Drivers/STM32G4xx_HAL_Driver/Src/stm32g4xx_hal_uart.o
                0x08008b08                HAL_UART_RxHalfCpltCallback
 .text.HAL_UART_ErrorCallback
                0x08008b1c       0x14 ./Drivers/STM32G4xx_HAL_Driver/Src/stm32g4xx_hal_uart.o
                0x08008b1c                HAL_UART_ErrorCallback
 .text.HAL_UART_AbortCpltCallback
                0x08008b30       0x14 ./Drivers/STM32G4xx_HAL_Driver/Src/stm32g4xx_hal_uart.o
                0x08008b30                HAL_UART_AbortCpltCallback
 .text.HAL_UART_AbortTransmitCpltCallback
                0x08008b44       0x14 ./Drivers/STM32G4xx_HAL_Driver/Src/stm32g4xx_hal_uart.o
                0x08008b44                HAL_UART_AbortTransmitCpltCallback
 .text.HAL_UART_AbortReceiveCpltCallback
                0x08008b58       0x14 ./Drivers/STM32G4xx_HAL_Driver/Src/stm32g4xx_hal_uart.o
                0x08008b58                HAL_UART_AbortReceiveCpltCallback
 .text.HAL_UARTEx_RxEventCallback
                0x08008b6c       0x18 ./Drivers/STM32G4xx_HAL_Driver/Src/stm32g4xx_hal_uart.o
                0x08008b6c                HAL_UARTEx_RxEventCallback
 .text.UART_InitCallbacksToDefault
                0x08008b84       0xa4 ./Drivers/STM32G4xx_HAL_Driver/Src/stm32g4xx_hal_uart.o
                0x08008b84                UART_InitCallbacksToDefault
 .text.UART_SetConfig
                0x08008c28      0x5f8 ./Drivers/STM32G4xx_HAL_Driver/Src/stm32g4xx_hal_uart.o
                0x08008c28                UART_SetConfig
 .text.UART_AdvFeatureConfig
                0x08009220      0x144 ./Drivers/STM32G4xx_HAL_Driver/Src/stm32g4xx_hal_uart.o
                0x08009220                UART_AdvFeatureConfig
 .text.UART_CheckIdleState
                0x08009364      0x154 ./Drivers/STM32G4xx_HAL_Driver/Src/stm32g4xx_hal_uart.o
                0x08009364                UART_CheckIdleState
 .text.UART_WaitOnFlagUntilTimeout
                0x080094b8       0xda ./Drivers/STM32G4xx_HAL_Driver/Src/stm32g4xx_hal_uart.o
                0x080094b8                UART_WaitOnFlagUntilTimeout
 .text.UART_EndRxTransfer
                0x08009592       0xcc ./Drivers/STM32G4xx_HAL_Driver/Src/stm32g4xx_hal_uart.o
 .text.UART_DMAAbortOnError
                0x0800965e       0x30 ./Drivers/STM32G4xx_HAL_Driver/Src/stm32g4xx_hal_uart.o
 .text.UART_EndTransmit_IT
                0x0800968e       0x5a ./Drivers/STM32G4xx_HAL_Driver/Src/stm32g4xx_hal_uart.o
 .text.HAL_UARTEx_WakeupCallback
                0x080096e8       0x14 ./Drivers/STM32G4xx_HAL_Driver/Src/stm32g4xx_hal_uart_ex.o
                0x080096e8                HAL_UARTEx_WakeupCallback
 .text.HAL_UARTEx_RxFifoFullCallback
                0x080096fc       0x14 ./Drivers/STM32G4xx_HAL_Driver/Src/stm32g4xx_hal_uart_ex.o
                0x080096fc                HAL_UARTEx_RxFifoFullCallback
 .text.HAL_UARTEx_TxFifoEmptyCallback
                0x08009710       0x14 ./Drivers/STM32G4xx_HAL_Driver/Src/stm32g4xx_hal_uart_ex.o
                0x08009710                HAL_UARTEx_TxFifoEmptyCallback
 .text.HAL_UARTEx_DisableFifoMode
                0x08009724       0x72 ./Drivers/STM32G4xx_HAL_Driver/Src/stm32g4xx_hal_uart_ex.o
                0x08009724                HAL_UARTEx_DisableFifoMode
 .text.HAL_UARTEx_SetTxFifoThreshold
                0x08009796       0x7c ./Drivers/STM32G4xx_HAL_Driver/Src/stm32g4xx_hal_uart_ex.o
                0x08009796                HAL_UARTEx_SetTxFifoThreshold
 .text.HAL_UARTEx_SetRxFifoThreshold
                0x08009812       0x7c ./Drivers/STM32G4xx_HAL_Driver/Src/stm32g4xx_hal_uart_ex.o
                0x08009812                HAL_UARTEx_SetRxFifoThreshold
 *fill*         0x0800988e        0x2 
 .text.UARTEx_SetNbDataToProcess
                0x08009890       0x9c ./Drivers/STM32G4xx_HAL_Driver/Src/stm32g4xx_hal_uart_ex.o
 .text.memset   0x0800992c       0x10 D:/STM32CUBEIDE/STM32CubeIDE_1.13.2/STM32CubeIDE/plugins/com.st.stm32cube.ide.mcu.externaltools.gnu-tools-for-stm32.12.3.rel1.win32_1.0.100.202403111256/tools/bin/../lib/gcc/arm-none-eabi/12.3.1/../../../../arm-none-eabi/lib/thumb/v7e-m+fp/hard\libc_nano.a(libc_a-memset.o)
                0x0800992c                memset
 .text.__libc_init_array
                0x0800993c       0x48 D:/STM32CUBEIDE/STM32CubeIDE_1.13.2/STM32CubeIDE/plugins/com.st.stm32cube.ide.mcu.externaltools.gnu-tools-for-stm32.12.3.rel1.win32_1.0.100.202403111256/tools/bin/../lib/gcc/arm-none-eabi/12.3.1/../../../../arm-none-eabi/lib/thumb/v7e-m+fp/hard\libc_nano.a(libc_a-init.o)
                0x0800993c                __libc_init_array
 *(.glue_7)
 .glue_7        0x08009984        0x0 linker stubs
 *(.glue_7t)
 .glue_7t       0x08009984        0x0 linker stubs
 *(.eh_frame)
 .eh_frame      0x08009984        0x0 D:/STM32CUBEIDE/STM32CubeIDE_1.13.2/STM32CubeIDE/plugins/com.st.stm32cube.ide.mcu.externaltools.gnu-tools-for-stm32.12.3.rel1.win32_1.0.100.202403111256/tools/bin/../lib/gcc/arm-none-eabi/12.3.1/thumb/v7e-m+fp/hard/crtbegin.o
 *(.init)
 .init          0x08009984        0x4 D:/STM32CUBEIDE/STM32CubeIDE_1.13.2/STM32CubeIDE/plugins/com.st.stm32cube.ide.mcu.externaltools.gnu-tools-for-stm32.12.3.rel1.win32_1.0.100.202403111256/tools/bin/../lib/gcc/arm-none-eabi/12.3.1/thumb/v7e-m+fp/hard/crti.o
                0x08009984                _init
 .init          0x08009988        0x8 D:/STM32CUBEIDE/STM32CubeIDE_1.13.2/STM32CubeIDE/plugins/com.st.stm32cube.ide.mcu.externaltools.gnu-tools-for-stm32.12.3.rel1.win32_1.0.100.202403111256/tools/bin/../lib/gcc/arm-none-eabi/12.3.1/thumb/v7e-m+fp/hard/crtn.o
 *(.fini)
 .fini          0x08009990        0x4 D:/STM32CUBEIDE/STM32CubeIDE_1.13.2/STM32CubeIDE/plugins/com.st.stm32cube.ide.mcu.externaltools.gnu-tools-for-stm32.12.3.rel1.win32_1.0.100.202403111256/tools/bin/../lib/gcc/arm-none-eabi/12.3.1/thumb/v7e-m+fp/hard/crti.o
                0x08009990                _fini
 .fini          0x08009994        0x8 D:/STM32CUBEIDE/STM32CubeIDE_1.13.2/STM32CubeIDE/plugins/com.st.stm32cube.ide.mcu.externaltools.gnu-tools-for-stm32.12.3.rel1.win32_1.0.100.202403111256/tools/bin/../lib/gcc/arm-none-eabi/12.3.1/thumb/v7e-m+fp/hard/crtn.o
                0x0800999c                        . = ALIGN (0x4)
                0x0800999c                        _etext = .

.vfp11_veneer   0x0800999c        0x0
 .vfp11_veneer  0x0800999c        0x0 linker stubs

.v4_bx          0x0800999c        0x0
 .v4_bx         0x0800999c        0x0 linker stubs

.iplt           0x0800999c        0x0
 .iplt          0x0800999c        0x0 D:/STM32CUBEIDE/STM32CubeIDE_1.13.2/STM32CubeIDE/plugins/com.st.stm32cube.ide.mcu.externaltools.gnu-tools-for-stm32.12.3.rel1.win32_1.0.100.202403111256/tools/bin/../lib/gcc/arm-none-eabi/12.3.1/thumb/v7e-m+fp/hard/crtbegin.o

.rodata         0x0800999c       0x40
                0x0800999c                        . = ALIGN (0x4)
 *(.rodata)
 *(.rodata*)
 .rodata.AHBPrescTable
                0x0800999c       0x10 ./Core/Src/system_stm32g4xx.o
                0x0800999c                AHBPrescTable
 .rodata.APBPrescTable
                0x080099ac        0x8 ./Core/Src/system_stm32g4xx.o
                0x080099ac                APBPrescTable
 .rodata.UARTPrescTable
                0x080099b4       0x18 ./Drivers/STM32G4xx_HAL_Driver/Src/stm32g4xx_hal_uart.o
                0x080099b4                UARTPrescTable
 .rodata.numerator.1
                0x080099cc        0x8 ./Drivers/STM32G4xx_HAL_Driver/Src/stm32g4xx_hal_uart_ex.o
 .rodata.denominator.0
                0x080099d4        0x8 ./Drivers/STM32G4xx_HAL_Driver/Src/stm32g4xx_hal_uart_ex.o
                0x080099dc                        . = ALIGN (0x4)

.ARM.extab      0x080099dc        0x0
                0x080099dc                        . = ALIGN (0x4)
 *(.ARM.extab* .gnu.linkonce.armextab.*)
                0x080099dc                        . = ALIGN (0x4)

.ARM            0x080099dc        0x8
                0x080099dc                        . = ALIGN (0x4)
                0x080099dc                        __exidx_start = .
 *(.ARM.exidx*)
 .ARM.exidx     0x080099dc        0x8 D:/STM32CUBEIDE/STM32CubeIDE_1.13.2/STM32CubeIDE/plugins/com.st.stm32cube.ide.mcu.externaltools.gnu-tools-for-stm32.12.3.rel1.win32_1.0.100.202403111256/tools/bin/../lib/gcc/arm-none-eabi/12.3.1/thumb/v7e-m+fp/hard\libgcc.a(_udivmoddi4.o)
                0x080099e4                        __exidx_end = .
                0x080099e4                        . = ALIGN (0x4)

.preinit_array  0x080099e4        0x0
                0x080099e4                        . = ALIGN (0x4)
                0x080099e4                        PROVIDE (__preinit_array_start = .)
 *(.preinit_array*)
                0x080099e4                        PROVIDE (__preinit_array_end = .)
                0x080099e4                        . = ALIGN (0x4)

.init_array     0x080099e4        0x4
                0x080099e4                        . = ALIGN (0x4)
                0x080099e4                        PROVIDE (__init_array_start = .)
 *(SORT_BY_NAME(.init_array.*))
 *(.init_array*)
 .init_array    0x080099e4        0x4 D:/STM32CUBEIDE/STM32CubeIDE_1.13.2/STM32CubeIDE/plugins/com.st.stm32cube.ide.mcu.externaltools.gnu-tools-for-stm32.12.3.rel1.win32_1.0.100.202403111256/tools/bin/../lib/gcc/arm-none-eabi/12.3.1/thumb/v7e-m+fp/hard/crtbegin.o
                0x080099e8                        PROVIDE (__init_array_end = .)
                0x080099e8                        . = ALIGN (0x4)

.fini_array     0x080099e8        0x4
                0x080099e8                        . = ALIGN (0x4)
                [!provide]                        PROVIDE (__fini_array_start = .)
 *(SORT_BY_NAME(.fini_array.*))
 *(.fini_array*)
 .fini_array    0x080099e8        0x4 D:/STM32CUBEIDE/STM32CubeIDE_1.13.2/STM32CubeIDE/plugins/com.st.stm32cube.ide.mcu.externaltools.gnu-tools-for-stm32.12.3.rel1.win32_1.0.100.202403111256/tools/bin/../lib/gcc/arm-none-eabi/12.3.1/thumb/v7e-m+fp/hard/crtbegin.o
                [!provide]                        PROVIDE (__fini_array_end = .)
                0x080099ec                        . = ALIGN (0x4)
                0x080099ec                        _sidata = LOADADDR (.data)

.rel.dyn        0x080099ec        0x0
 .rel.iplt      0x080099ec        0x0 D:/STM32CUBEIDE/STM32CubeIDE_1.13.2/STM32CubeIDE/plugins/com.st.stm32cube.ide.mcu.externaltools.gnu-tools-for-stm32.12.3.rel1.win32_1.0.100.202403111256/tools/bin/../lib/gcc/arm-none-eabi/12.3.1/thumb/v7e-m+fp/hard/crtbegin.o

.data           0x20000000       0x18 load address 0x080099ec
                0x20000000                        . = ALIGN (0x4)
                0x20000000                        _sdata = .
 *(.data)
 *(.data*)
 .data.is_first.1
                0x20000000        0x1 ./Core/Src/joy.o
 .data.homing_first
                0x20000001        0x1 ./Core/Src/main.o
                0x20000001                homing_first
 *fill*         0x20000002        0x2 
 .data.v_kp     0x20000004        0x4 ./Core/Src/main.o
                0x20000004                v_kp
 .data.p_kp     0x20000008        0x4 ./Core/Src/main.o
                0x20000008                p_kp
 .data.SystemCoreClock
                0x2000000c        0x4 ./Core/Src/system_stm32g4xx.o
                0x2000000c                SystemCoreClock
 .data.uwTickPrio
                0x20000010        0x4 ./Drivers/STM32G4xx_HAL_Driver/Src/stm32g4xx_hal.o
                0x20000010                uwTickPrio
 .data.uwTickFreq
                0x20000014        0x4 ./Drivers/STM32G4xx_HAL_Driver/Src/stm32g4xx_hal.o
                0x20000014                uwTickFreq
 *(.RamFunc)
 *(.RamFunc*)
                0x20000018                        . = ALIGN (0x4)
                0x20000018                        _edata = .

.igot.plt       0x20000018        0x0 load address 0x08009a04
 .igot.plt      0x20000018        0x0 D:/STM32CUBEIDE/STM32CubeIDE_1.13.2/STM32CubeIDE/plugins/com.st.stm32cube.ide.mcu.externaltools.gnu-tools-for-stm32.12.3.rel1.win32_1.0.100.202403111256/tools/bin/../lib/gcc/arm-none-eabi/12.3.1/thumb/v7e-m+fp/hard/crtbegin.o
                0x20000018                        . = ALIGN (0x4)

.bss            0x20000018      0x754 load address 0x08009a04
                0x20000018                        _sbss = .
                0x20000018                        __bss_start__ = _sbss
 *(.bss)
 .bss           0x20000018       0x1c D:/STM32CUBEIDE/STM32CubeIDE_1.13.2/STM32CubeIDE/plugins/com.st.stm32cube.ide.mcu.externaltools.gnu-tools-for-stm32.12.3.rel1.win32_1.0.100.202403111256/tools/bin/../lib/gcc/arm-none-eabi/12.3.1/thumb/v7e-m+fp/hard/crtbegin.o
 *(.bss*)
 *fill*         0x20000034        0x4 
 .bss.timestamp.0
                0x20000038        0x8 ./Core/Src/joy.o
 .bss.hadc1     0x20000040       0x6c ./Core/Src/main.o
                0x20000040                hadc1
 .bss.hdma_adc1
                0x200000ac       0x60 ./Core/Src/main.o
                0x200000ac                hdma_adc1
 .bss.htim1     0x2000010c       0xcc ./Core/Src/main.o
                0x2000010c                htim1
 .bss.htim3     0x200001d8       0xcc ./Core/Src/main.o
                0x200001d8                htim3
 .bss.htim4     0x200002a4       0xcc ./Core/Src/main.o
                0x200002a4                htim4
 .bss.htim16    0x20000370       0xcc ./Core/Src/main.o
                0x20000370                htim16
 .bss.huart2    0x2000043c       0xcc ./Core/Src/main.o
                0x2000043c                huart2
 .bss.hdma_usart2_rx
                0x20000508       0x60 ./Core/Src/main.o
                0x20000508                hdma_usart2_rx
 .bss.hdma_usart2_tx
                0x20000568       0x60 ./Core/Src/main.o
                0x20000568                hdma_usart2_tx
 .bss.repeat_cheack
                0x200005c8        0x8 ./Core/Src/main.o
                0x200005c8                repeat_cheack
 .bss.limitswitch_test
                0x200005d0        0x4 ./Core/Src/main.o
                0x200005d0                limitswitch_test
 .bss.test      0x200005d4        0x4 ./Core/Src/main.o
                0x200005d4                test
 .bss.setpoint  0x200005d8        0x4 ./Core/Src/main.o
                0x200005d8                setpoint
 .bss.joy       0x200005dc        0x4 ./Core/Src/main.o
                0x200005dc                joy
 .bss.jog       0x200005e0        0x4 ./Core/Src/main.o
                0x200005e0                jog
 *fill*         0x200005e4        0x4 
 .bss.homing_ts
                0x200005e8        0x8 ./Core/Src/main.o
                0x200005e8                homing_ts
 .bss.homing_second
                0x200005f0        0x1 ./Core/Src/main.o
                0x200005f0                homing_second
 .bss.homing    0x200005f1        0x1 ./Core/Src/main.o
                0x200005f1                homing
 .bss.is_home   0x200005f2        0x1 ./Core/Src/main.o
                0x200005f2                is_home
 .bss.wait_command
                0x200005f3        0x1 ./Core/Src/main.o
                0x200005f3                wait_command
 .bss.mode      0x200005f4        0x1 ./Core/Src/main.o
                0x200005f4                mode
 *fill*         0x200005f5        0x3 
 .bss.current_sensor
                0x200005f8       0xcc ./Core/Src/main.o
                0x200005f8                current_sensor
 *fill*         0x200006c4        0x4 
 .bss.encoder   0x200006c8       0x48 ./Core/Src/main.o
                0x200006c8                encoder
 .bss.v_pid     0x20000710       0x18 ./Core/Src/main.o
                0x20000710                v_pid
 .bss.v_ki      0x20000728        0x4 ./Core/Src/main.o
                0x20000728                v_ki
 .bss.v_kd      0x2000072c        0x4 ./Core/Src/main.o
                0x2000072c                v_kd
 .bss.v_e       0x20000730        0x4 ./Core/Src/main.o
                0x20000730                v_e
 .bss.v_output  0x20000734        0x4 ./Core/Src/main.o
                0x20000734                v_output
 .bss.p_pid     0x20000738       0x18 ./Core/Src/main.o
                0x20000738                p_pid
 .bss.p_ki      0x20000750        0x4 ./Core/Src/main.o
                0x20000750                p_ki
 .bss.p_kd      0x20000754        0x4 ./Core/Src/main.o
                0x20000754                p_kd
 .bss.timestamp.0
                0x20000758        0x8 ./Core/Src/main.o
 .bss.e_n_1.1   0x20000760        0x4 ./Core/Src/pid.o
 .bss.y_n_1.0   0x20000764        0x4 ./Core/Src/pid.o
 .bss.uwTick    0x20000768        0x4 ./Drivers/STM32G4xx_HAL_Driver/Src/stm32g4xx_hal.o
                0x20000768                uwTick
 *(COMMON)
                0x2000076c                        . = ALIGN (0x4)
                0x2000076c                        _ebss = .
                0x2000076c                        __bss_end__ = _ebss

._user_heap_stack
                0x2000076c      0x604 load address 0x08009a04
                0x20000770                        . = ALIGN (0x8)
 *fill*         0x2000076c        0x4 
                [!provide]                        PROVIDE (end = .)
                0x20000770                        PROVIDE (_end = .)
                0x20000970                        . = (. + _Min_Heap_Size)
 *fill*         0x20000770      0x200 
                0x20000d70                        . = (. + _Min_Stack_Size)
 *fill*         0x20000970      0x400 
                0x20000d70                        . = ALIGN (0x8)

/DISCARD/
 libc.a(*)
 libm.a(*)
 libgcc.a(*)

.ARM.attributes
                0x00000000       0x30
 *(.ARM.attributes)
 .ARM.attributes
                0x00000000       0x22 D:/STM32CUBEIDE/STM32CubeIDE_1.13.2/STM32CubeIDE/plugins/com.st.stm32cube.ide.mcu.externaltools.gnu-tools-for-stm32.12.3.rel1.win32_1.0.100.202403111256/tools/bin/../lib/gcc/arm-none-eabi/12.3.1/thumb/v7e-m+fp/hard/crti.o
 .ARM.attributes
                0x00000022       0x34 D:/STM32CUBEIDE/STM32CubeIDE_1.13.2/STM32CubeIDE/plugins/com.st.stm32cube.ide.mcu.externaltools.gnu-tools-for-stm32.12.3.rel1.win32_1.0.100.202403111256/tools/bin/../lib/gcc/arm-none-eabi/12.3.1/thumb/v7e-m+fp/hard/crtbegin.o
 .ARM.attributes
                0x00000056       0x34 ./Core/Src/adc.o
 .ARM.attributes
                0x0000008a       0x34 ./Core/Src/joy.o
 .ARM.attributes
                0x000000be       0x34 ./Core/Src/main.o
 .ARM.attributes
                0x000000f2       0x34 ./Core/Src/pid.o
 .ARM.attributes
                0x00000126       0x34 ./Core/Src/pwm.o
 .ARM.attributes
                0x0000015a       0x34 ./Core/Src/qei.o
 .ARM.attributes
                0x0000018e       0x34 ./Core/Src/stm32g4xx_hal_msp.o
 .ARM.attributes
                0x000001c2       0x34 ./Core/Src/stm32g4xx_it.o
 .ARM.attributes
                0x000001f6       0x34 ./Core/Src/system_stm32g4xx.o
 .ARM.attributes
                0x0000022a       0x21 ./Core/Startup/startup_stm32g474retx.o
 .ARM.attributes
                0x0000024b       0x34 ./Drivers/STM32G4xx_HAL_Driver/Src/stm32g4xx_hal.o
 .ARM.attributes
                0x0000027f       0x34 ./Drivers/STM32G4xx_HAL_Driver/Src/stm32g4xx_hal_adc.o
 .ARM.attributes
                0x000002b3       0x34 ./Drivers/STM32G4xx_HAL_Driver/Src/stm32g4xx_hal_adc_ex.o
 .ARM.attributes
                0x000002e7       0x34 ./Drivers/STM32G4xx_HAL_Driver/Src/stm32g4xx_hal_cortex.o
 .ARM.attributes
                0x0000031b       0x34 ./Drivers/STM32G4xx_HAL_Driver/Src/stm32g4xx_hal_dma.o
 .ARM.attributes
                0x0000034f       0x34 ./Drivers/STM32G4xx_HAL_Driver/Src/stm32g4xx_hal_gpio.o
 .ARM.attributes
                0x00000383       0x34 ./Drivers/STM32G4xx_HAL_Driver/Src/stm32g4xx_hal_pwr_ex.o
 .ARM.attributes
                0x000003b7       0x34 ./Drivers/STM32G4xx_HAL_Driver/Src/stm32g4xx_hal_rcc.o
 .ARM.attributes
                0x000003eb       0x34 ./Drivers/STM32G4xx_HAL_Driver/Src/stm32g4xx_hal_rcc_ex.o
 .ARM.attributes
                0x0000041f       0x34 ./Drivers/STM32G4xx_HAL_Driver/Src/stm32g4xx_hal_tim.o
 .ARM.attributes
                0x00000453       0x34 ./Drivers/STM32G4xx_HAL_Driver/Src/stm32g4xx_hal_tim_ex.o
 .ARM.attributes
                0x00000487       0x34 ./Drivers/STM32G4xx_HAL_Driver/Src/stm32g4xx_hal_uart.o
 .ARM.attributes
                0x000004bb       0x34 ./Drivers/STM32G4xx_HAL_Driver/Src/stm32g4xx_hal_uart_ex.o
 .ARM.attributes
                0x000004ef       0x34 D:/STM32CUBEIDE/STM32CubeIDE_1.13.2/STM32CubeIDE/plugins/com.st.stm32cube.ide.mcu.externaltools.gnu-tools-for-stm32.12.3.rel1.win32_1.0.100.202403111256/tools/bin/../lib/gcc/arm-none-eabi/12.3.1/../../../../arm-none-eabi/lib/thumb/v7e-m+fp/hard\libc_nano.a(libc_a-memset.o)
 .ARM.attributes
                0x00000523       0x34 D:/STM32CUBEIDE/STM32CubeIDE_1.13.2/STM32CubeIDE/plugins/com.st.stm32cube.ide.mcu.externaltools.gnu-tools-for-stm32.12.3.rel1.win32_1.0.100.202403111256/tools/bin/../lib/gcc/arm-none-eabi/12.3.1/../../../../arm-none-eabi/lib/thumb/v7e-m+fp/hard\libc_nano.a(libc_a-init.o)
 .ARM.attributes
                0x00000557       0x22 D:/STM32CUBEIDE/STM32CubeIDE_1.13.2/STM32CubeIDE/plugins/com.st.stm32cube.ide.mcu.externaltools.gnu-tools-for-stm32.12.3.rel1.win32_1.0.100.202403111256/tools/bin/../lib/gcc/arm-none-eabi/12.3.1/thumb/v7e-m+fp/hard\libgcc.a(_arm_addsubdf3.o)
 .ARM.attributes
                0x00000579       0x22 D:/STM32CUBEIDE/STM32CubeIDE_1.13.2/STM32CubeIDE/plugins/com.st.stm32cube.ide.mcu.externaltools.gnu-tools-for-stm32.12.3.rel1.win32_1.0.100.202403111256/tools/bin/../lib/gcc/arm-none-eabi/12.3.1/thumb/v7e-m+fp/hard\libgcc.a(_arm_muldivdf3.o)
 .ARM.attributes
                0x0000059b       0x22 D:/STM32CUBEIDE/STM32CubeIDE_1.13.2/STM32CubeIDE/plugins/com.st.stm32cube.ide.mcu.externaltools.gnu-tools-for-stm32.12.3.rel1.win32_1.0.100.202403111256/tools/bin/../lib/gcc/arm-none-eabi/12.3.1/thumb/v7e-m+fp/hard\libgcc.a(_arm_cmpdf2.o)
 .ARM.attributes
                0x000005bd       0x22 D:/STM32CUBEIDE/STM32CubeIDE_1.13.2/STM32CubeIDE/plugins/com.st.stm32cube.ide.mcu.externaltools.gnu-tools-for-stm32.12.3.rel1.win32_1.0.100.202403111256/tools/bin/../lib/gcc/arm-none-eabi/12.3.1/thumb/v7e-m+fp/hard\libgcc.a(_arm_fixdfsi.o)
 .ARM.attributes
                0x000005df       0x22 D:/STM32CUBEIDE/STM32CubeIDE_1.13.2/STM32CubeIDE/plugins/com.st.stm32cube.ide.mcu.externaltools.gnu-tools-for-stm32.12.3.rel1.win32_1.0.100.202403111256/tools/bin/../lib/gcc/arm-none-eabi/12.3.1/thumb/v7e-m+fp/hard\libgcc.a(_arm_fixunsdfsi.o)
 .ARM.attributes
                0x00000601       0x22 D:/STM32CUBEIDE/STM32CubeIDE_1.13.2/STM32CubeIDE/plugins/com.st.stm32cube.ide.mcu.externaltools.gnu-tools-for-stm32.12.3.rel1.win32_1.0.100.202403111256/tools/bin/../lib/gcc/arm-none-eabi/12.3.1/thumb/v7e-m+fp/hard\libgcc.a(_arm_truncdfsf2.o)
 .ARM.attributes
                0x00000623       0x22 D:/STM32CUBEIDE/STM32CubeIDE_1.13.2/STM32CubeIDE/plugins/com.st.stm32cube.ide.mcu.externaltools.gnu-tools-for-stm32.12.3.rel1.win32_1.0.100.202403111256/tools/bin/../lib/gcc/arm-none-eabi/12.3.1/thumb/v7e-m+fp/hard\libgcc.a(_aeabi_uldivmod.o)
 .ARM.attributes
                0x00000645       0x34 D:/STM32CUBEIDE/STM32CubeIDE_1.13.2/STM32CubeIDE/plugins/com.st.stm32cube.ide.mcu.externaltools.gnu-tools-for-stm32.12.3.rel1.win32_1.0.100.202403111256/tools/bin/../lib/gcc/arm-none-eabi/12.3.1/thumb/v7e-m+fp/hard\libgcc.a(_udivmoddi4.o)
 .ARM.attributes
                0x00000679       0x22 D:/STM32CUBEIDE/STM32CubeIDE_1.13.2/STM32CubeIDE/plugins/com.st.stm32cube.ide.mcu.externaltools.gnu-tools-for-stm32.12.3.rel1.win32_1.0.100.202403111256/tools/bin/../lib/gcc/arm-none-eabi/12.3.1/thumb/v7e-m+fp/hard\libgcc.a(_dvmd_tls.o)
 .ARM.attributes
                0x0000069b       0x22 D:/STM32CUBEIDE/STM32CubeIDE_1.13.2/STM32CubeIDE/plugins/com.st.stm32cube.ide.mcu.externaltools.gnu-tools-for-stm32.12.3.rel1.win32_1.0.100.202403111256/tools/bin/../lib/gcc/arm-none-eabi/12.3.1/thumb/v7e-m+fp/hard/crtn.o
OUTPUT(Onedof_Firmware.elf elf32-littlearm)
LOAD linker stubs
LOAD D:/STM32CUBEIDE/STM32CubeIDE_1.13.2/STM32CubeIDE/plugins/com.st.stm32cube.ide.mcu.externaltools.gnu-tools-for-stm32.12.3.rel1.win32_1.0.100.202403111256/tools/bin/../lib/gcc/arm-none-eabi/12.3.1/../../../../arm-none-eabi/lib/thumb/v7e-m+fp/hard\libc.a
LOAD D:/STM32CUBEIDE/STM32CubeIDE_1.13.2/STM32CubeIDE/plugins/com.st.stm32cube.ide.mcu.externaltools.gnu-tools-for-stm32.12.3.rel1.win32_1.0.100.202403111256/tools/bin/../lib/gcc/arm-none-eabi/12.3.1/../../../../arm-none-eabi/lib/thumb/v7e-m+fp/hard\libm.a
LOAD D:/STM32CUBEIDE/STM32CubeIDE_1.13.2/STM32CubeIDE/plugins/com.st.stm32cube.ide.mcu.externaltools.gnu-tools-for-stm32.12.3.rel1.win32_1.0.100.202403111256/tools/bin/../lib/gcc/arm-none-eabi/12.3.1/thumb/v7e-m+fp/hard\libgcc.a

.debug_info     0x00000000    0x1b9d1
 .debug_info    0x00000000      0x961 ./Core/Src/adc.o
 .debug_info    0x00000961      0x2a4 ./Core/Src/joy.o
 .debug_info    0x00000c05     0x296f ./Core/Src/main.o
 .debug_info    0x00003574      0x261 ./Core/Src/pid.o
 .debug_info    0x000037d5      0xb2e ./Core/Src/pwm.o
 .debug_info    0x00004303      0xbbd ./Core/Src/qei.o
 .debug_info    0x00004ec0     0x1da8 ./Core/Src/stm32g4xx_hal_msp.o
 .debug_info    0x00006c68     0x144e ./Core/Src/stm32g4xx_it.o
 .debug_info    0x000080b6      0x58e ./Core/Src/system_stm32g4xx.o
 .debug_info    0x00008644       0x30 ./Core/Startup/startup_stm32g474retx.o
 .debug_info    0x00008674      0xb95 ./Drivers/STM32G4xx_HAL_Driver/Src/stm32g4xx_hal.o
 .debug_info    0x00009209     0x2063 ./Drivers/STM32G4xx_HAL_Driver/Src/stm32g4xx_hal_adc.o
 .debug_info    0x0000b26c     0x1d80 ./Drivers/STM32G4xx_HAL_Driver/Src/stm32g4xx_hal_adc_ex.o
 .debug_info    0x0000cfec      0xdad ./Drivers/STM32G4xx_HAL_Driver/Src/stm32g4xx_hal_cortex.o
 .debug_info    0x0000dd99      0x85f ./Drivers/STM32G4xx_HAL_Driver/Src/stm32g4xx_hal_dma.o
 .debug_info    0x0000e5f8      0x763 ./Drivers/STM32G4xx_HAL_Driver/Src/stm32g4xx_hal_gpio.o
 .debug_info    0x0000ed5b      0x93f ./Drivers/STM32G4xx_HAL_Driver/Src/stm32g4xx_hal_pwr_ex.o
 .debug_info    0x0000f69a      0xbe0 ./Drivers/STM32G4xx_HAL_Driver/Src/stm32g4xx_hal_rcc.o
 .debug_info    0x0001027a      0xc45 ./Drivers/STM32G4xx_HAL_Driver/Src/stm32g4xx_hal_rcc_ex.o
 .debug_info    0x00010ebf     0x301a ./Drivers/STM32G4xx_HAL_Driver/Src/stm32g4xx_hal_tim.o
 .debug_info    0x00013ed9     0x1f5e ./Drivers/STM32G4xx_HAL_Driver/Src/stm32g4xx_hal_tim_ex.o
 .debug_info    0x00015e37     0x4ad2 ./Drivers/STM32G4xx_HAL_Driver/Src/stm32g4xx_hal_uart.o
 .debug_info    0x0001a909     0x10c8 ./Drivers/STM32G4xx_HAL_Driver/Src/stm32g4xx_hal_uart_ex.o

.debug_abbrev   0x00000000     0x332b
 .debug_abbrev  0x00000000      0x1c5 ./Core/Src/adc.o
 .debug_abbrev  0x000001c5      0x17c ./Core/Src/joy.o
 .debug_abbrev  0x00000341      0x353 ./Core/Src/main.o
 .debug_abbrev  0x00000694      0x12e ./Core/Src/pid.o
 .debug_abbrev  0x000007c2      0x1ad ./Core/Src/pwm.o
 .debug_abbrev  0x0000096f      0x21d ./Core/Src/qei.o
 .debug_abbrev  0x00000b8c      0x299 ./Core/Src/stm32g4xx_hal_msp.o
 .debug_abbrev  0x00000e25      0x209 ./Core/Src/stm32g4xx_it.o
 .debug_abbrev  0x0000102e      0x11a ./Core/Src/system_stm32g4xx.o
 .debug_abbrev  0x00001148       0x24 ./Core/Startup/startup_stm32g474retx.o
 .debug_abbrev  0x0000116c      0x271 ./Drivers/STM32G4xx_HAL_Driver/Src/stm32g4xx_hal.o
 .debug_abbrev  0x000013dd      0x2d3 ./Drivers/STM32G4xx_HAL_Driver/Src/stm32g4xx_hal_adc.o
 .debug_abbrev  0x000016b0      0x2ee ./Drivers/STM32G4xx_HAL_Driver/Src/stm32g4xx_hal_adc_ex.o
 .debug_abbrev  0x0000199e      0x31c ./Drivers/STM32G4xx_HAL_Driver/Src/stm32g4xx_hal_cortex.o
 .debug_abbrev  0x00001cba      0x1e2 ./Drivers/STM32G4xx_HAL_Driver/Src/stm32g4xx_hal_dma.o
 .debug_abbrev  0x00001e9c      0x1cb ./Drivers/STM32G4xx_HAL_Driver/Src/stm32g4xx_hal_gpio.o
 .debug_abbrev  0x00002067      0x22c ./Drivers/STM32G4xx_HAL_Driver/Src/stm32g4xx_hal_pwr_ex.o
 .debug_abbrev  0x00002293      0x2c9 ./Drivers/STM32G4xx_HAL_Driver/Src/stm32g4xx_hal_rcc.o
 .debug_abbrev  0x0000255c      0x258 ./Drivers/STM32G4xx_HAL_Driver/Src/stm32g4xx_hal_rcc_ex.o
 .debug_abbrev  0x000027b4      0x2b8 ./Drivers/STM32G4xx_HAL_Driver/Src/stm32g4xx_hal_tim.o
 .debug_abbrev  0x00002a6c      0x2d6 ./Drivers/STM32G4xx_HAL_Driver/Src/stm32g4xx_hal_tim_ex.o
 .debug_abbrev  0x00002d42      0x317 ./Drivers/STM32G4xx_HAL_Driver/Src/stm32g4xx_hal_uart.o
 .debug_abbrev  0x00003059      0x2d2 ./Drivers/STM32G4xx_HAL_Driver/Src/stm32g4xx_hal_uart_ex.o

.debug_aranges  0x00000000     0x15f8
 .debug_aranges
                0x00000000       0x28 ./Core/Src/adc.o
 .debug_aranges
                0x00000028       0x20 ./Core/Src/joy.o
 .debug_aranges
                0x00000048       0x98 ./Core/Src/main.o
 .debug_aranges
                0x000000e0       0x30 ./Core/Src/pid.o
 .debug_aranges
                0x00000110       0x20 ./Core/Src/pwm.o
 .debug_aranges
                0x00000130       0x40 ./Core/Src/qei.o
 .debug_aranges
                0x00000170       0x68 ./Core/Src/stm32g4xx_hal_msp.o
 .debug_aranges
                0x000001d8       0xa8 ./Core/Src/stm32g4xx_it.o
 .debug_aranges
                0x00000280       0x28 ./Core/Src/system_stm32g4xx.o
 .debug_aranges
                0x000002a8       0x28 ./Core/Startup/startup_stm32g474retx.o
 .debug_aranges
                0x000002d0      0x148 ./Drivers/STM32G4xx_HAL_Driver/Src/stm32g4xx_hal.o
 .debug_aranges
                0x00000418      0x248 ./Drivers/STM32G4xx_HAL_Driver/Src/stm32g4xx_hal_adc.o
 .debug_aranges
                0x00000660      0x1c0 ./Drivers/STM32G4xx_HAL_Driver/Src/stm32g4xx_hal_adc_ex.o
 .debug_aranges
                0x00000820      0x118 ./Drivers/STM32G4xx_HAL_Driver/Src/stm32g4xx_hal_cortex.o
 .debug_aranges
                0x00000938       0x90 ./Drivers/STM32G4xx_HAL_Driver/Src/stm32g4xx_hal_dma.o
 .debug_aranges
                0x000009c8       0x58 ./Drivers/STM32G4xx_HAL_Driver/Src/stm32g4xx_hal_gpio.o
 .debug_aranges
                0x00000a20      0x140 ./Drivers/STM32G4xx_HAL_Driver/Src/stm32g4xx_hal_pwr_ex.o
 .debug_aranges
                0x00000b60       0x98 ./Drivers/STM32G4xx_HAL_Driver/Src/stm32g4xx_hal_rcc.o
 .debug_aranges
                0x00000bf8       0xb0 ./Drivers/STM32G4xx_HAL_Driver/Src/stm32g4xx_hal_rcc_ex.o
 .debug_aranges
                0x00000ca8      0x3f8 ./Drivers/STM32G4xx_HAL_Driver/Src/stm32g4xx_hal_tim.o
 .debug_aranges
                0x000010a0      0x240 ./Drivers/STM32G4xx_HAL_Driver/Src/stm32g4xx_hal_tim_ex.o
 .debug_aranges
                0x000012e0      0x270 ./Drivers/STM32G4xx_HAL_Driver/Src/stm32g4xx_hal_uart.o
 .debug_aranges
                0x00001550       0xa8 ./Drivers/STM32G4xx_HAL_Driver/Src/stm32g4xx_hal_uart_ex.o

.debug_rnglists
                0x00000000     0x1117
 .debug_rnglists
                0x00000000       0x19 ./Core/Src/adc.o
 .debug_rnglists
                0x00000019       0x14 ./Core/Src/joy.o
 .debug_rnglists
                0x0000002d       0x77 ./Core/Src/main.o
 .debug_rnglists
                0x000000a4       0x20 ./Core/Src/pid.o
 .debug_rnglists
                0x000000c4       0x14 ./Core/Src/pwm.o
 .debug_rnglists
                0x000000d8       0x2d ./Core/Src/qei.o
 .debug_rnglists
                0x00000105       0x4d ./Core/Src/stm32g4xx_hal_msp.o
 .debug_rnglists
                0x00000152       0x79 ./Core/Src/stm32g4xx_it.o
 .debug_rnglists
                0x000001cb       0x1a ./Core/Src/system_stm32g4xx.o
 .debug_rnglists
                0x000001e5       0x19 ./Core/Startup/startup_stm32g474retx.o
 .debug_rnglists
                0x000001fe       0xf1 ./Drivers/STM32G4xx_HAL_Driver/Src/stm32g4xx_hal.o
 .debug_rnglists
                0x000002ef      0x1c0 ./Drivers/STM32G4xx_HAL_Driver/Src/stm32g4xx_hal_adc.o
 .debug_rnglists
                0x000004af      0x15a ./Drivers/STM32G4xx_HAL_Driver/Src/stm32g4xx_hal_adc_ex.o
 .debug_rnglists
                0x00000609       0xce ./Drivers/STM32G4xx_HAL_Driver/Src/stm32g4xx_hal_cortex.o
 .debug_rnglists
                0x000006d7       0x71 ./Drivers/STM32G4xx_HAL_Driver/Src/stm32g4xx_hal_dma.o
 .debug_rnglists
                0x00000748       0x3f ./Drivers/STM32G4xx_HAL_Driver/Src/stm32g4xx_hal_gpio.o
 .debug_rnglists
                0x00000787       0xf1 ./Drivers/STM32G4xx_HAL_Driver/Src/stm32g4xx_hal_pwr_ex.o
 .debug_rnglists
                0x00000878       0x74 ./Drivers/STM32G4xx_HAL_Driver/Src/stm32g4xx_hal_rcc.o
 .debug_rnglists
                0x000008ec       0x87 ./Drivers/STM32G4xx_HAL_Driver/Src/stm32g4xx_hal_rcc_ex.o
 .debug_rnglists
                0x00000973      0x33d ./Drivers/STM32G4xx_HAL_Driver/Src/stm32g4xx_hal_tim.o
 .debug_rnglists
                0x00000cb0      0x1cc ./Drivers/STM32G4xx_HAL_Driver/Src/stm32g4xx_hal_tim_ex.o
 .debug_rnglists
                0x00000e7c      0x21c ./Drivers/STM32G4xx_HAL_Driver/Src/stm32g4xx_hal_uart.o
 .debug_rnglists
                0x00001098       0x7f ./Drivers/STM32G4xx_HAL_Driver/Src/stm32g4xx_hal_uart_ex.o

.debug_macro    0x00000000     0x3667
 .debug_macro   0x00000000      0x20a ./Core/Src/adc.o
 .debug_macro   0x0000020a      0x20a ./Core/Src/joy.o
 .debug_macro   0x00000414      0x49f ./Core/Src/main.o
 .debug_macro   0x000008b3       0x10 ./Core/Src/main.o
 .debug_macro   0x000008c3      0x45c ./Core/Src/pid.o
 .debug_macro   0x00000d1f      0x2b5 ./Core/Src/pwm.o
 .debug_macro   0x00000fd4      0x450 ./Core/Src/qei.o
 .debug_macro   0x00001424       0x5b ./Core/Src/qei.o
 .debug_macro   0x0000147f       0x94 ./Core/Src/qei.o
 .debug_macro   0x00001513       0x57 ./Core/Src/qei.o
 .debug_macro   0x0000156a       0x16 ./Core/Src/qei.o
 .debug_macro   0x00001580       0x56 ./Core/Src/qei.o
 .debug_macro   0x000015d6      0x200 ./Core/Src/stm32g4xx_hal_msp.o
 .debug_macro   0x000017d6      0x20a ./Core/Src/stm32g4xx_it.o
 .debug_macro   0x000019e0      0x1f1 ./Core/Src/system_stm32g4xx.o
 .debug_macro   0x00001bd1      0x23f ./Drivers/STM32G4xx_HAL_Driver/Src/stm32g4xx_hal.o
 .debug_macro   0x00001e10      0x20e ./Drivers/STM32G4xx_HAL_Driver/Src/stm32g4xx_hal_adc.o
 .debug_macro   0x0000201e      0x1fd ./Drivers/STM32G4xx_HAL_Driver/Src/stm32g4xx_hal_adc_ex.o
 .debug_macro   0x0000221b      0x1f1 ./Drivers/STM32G4xx_HAL_Driver/Src/stm32g4xx_hal_cortex.o
 .debug_macro   0x0000240c      0x1f1 ./Drivers/STM32G4xx_HAL_Driver/Src/stm32g4xx_hal_dma.o
 .debug_macro   0x000025fd      0x1f8 ./Drivers/STM32G4xx_HAL_Driver/Src/stm32g4xx_hal_gpio.o
 .debug_macro   0x000027f5      0x21b ./Drivers/STM32G4xx_HAL_Driver/Src/stm32g4xx_hal_pwr_ex.o
 .debug_macro   0x00002a10      0x233 ./Drivers/STM32G4xx_HAL_Driver/Src/stm32g4xx_hal_rcc.o
 .debug_macro   0x00002c43      0x21b ./Drivers/STM32G4xx_HAL_Driver/Src/stm32g4xx_hal_rcc_ex.o
 .debug_macro   0x00002e5e      0x1f9 ./Drivers/STM32G4xx_HAL_Driver/Src/stm32g4xx_hal_tim.o
 .debug_macro   0x00003057      0x1f7 ./Drivers/STM32G4xx_HAL_Driver/Src/stm32g4xx_hal_tim_ex.o
 .debug_macro   0x0000324e      0x21c ./Drivers/STM32G4xx_HAL_Driver/Src/stm32g4xx_hal_uart.o
 .debug_macro   0x0000346a      0x1fd ./Drivers/STM32G4xx_HAL_Driver/Src/stm32g4xx_hal_uart_ex.o

.debug_line     0x00000000    0x1bcd8
 .debug_line    0x00000000      0x7e4 ./Core/Src/adc.o
 .debug_line    0x000007e4      0x7fe ./Core/Src/joy.o
 .debug_line    0x00000fe2     0x1417 ./Core/Src/main.o
 .debug_line    0x000023f9      0xe25 ./Core/Src/pid.o
 .debug_line    0x0000321e      0xa19 ./Core/Src/pwm.o
 .debug_line    0x00003c37      0xeae ./Core/Src/qei.o
 .debug_line    0x00004ae5      0x9db ./Core/Src/stm32g4xx_hal_msp.o
 .debug_line    0x000054c0      0x946 ./Core/Src/stm32g4xx_it.o
 .debug_line    0x00005e06      0x815 ./Core/Src/system_stm32g4xx.o
 .debug_line    0x0000661b       0x7b ./Core/Startup/startup_stm32g474retx.o
 .debug_line    0x00006696      0xbd1 ./Drivers/STM32G4xx_HAL_Driver/Src/stm32g4xx_hal.o
 .debug_line    0x00007267     0x22fa ./Drivers/STM32G4xx_HAL_Driver/Src/stm32g4xx_hal_adc.o
 .debug_line    0x00009561     0x1c89 ./Drivers/STM32G4xx_HAL_Driver/Src/stm32g4xx_hal_adc_ex.o
 .debug_line    0x0000b1ea      0xd3a ./Drivers/STM32G4xx_HAL_Driver/Src/stm32g4xx_hal_cortex.o
 .debug_line    0x0000bf24      0xefb ./Drivers/STM32G4xx_HAL_Driver/Src/stm32g4xx_hal_dma.o
 .debug_line    0x0000ce1f      0xbea ./Drivers/STM32G4xx_HAL_Driver/Src/stm32g4xx_hal_gpio.o
 .debug_line    0x0000da09      0xd40 ./Drivers/STM32G4xx_HAL_Driver/Src/stm32g4xx_hal_pwr_ex.o
 .debug_line    0x0000e749      0xf9c ./Drivers/STM32G4xx_HAL_Driver/Src/stm32g4xx_hal_rcc.o
 .debug_line    0x0000f6e5     0x12ac ./Drivers/STM32G4xx_HAL_Driver/Src/stm32g4xx_hal_rcc_ex.o
 .debug_line    0x00010991     0x4472 ./Drivers/STM32G4xx_HAL_Driver/Src/stm32g4xx_hal_tim.o
 .debug_line    0x00014e03     0x21f5 ./Drivers/STM32G4xx_HAL_Driver/Src/stm32g4xx_hal_tim_ex.o
 .debug_line    0x00016ff8     0x3edc ./Drivers/STM32G4xx_HAL_Driver/Src/stm32g4xx_hal_uart.o
 .debug_line    0x0001aed4      0xe04 ./Drivers/STM32G4xx_HAL_Driver/Src/stm32g4xx_hal_uart_ex.o

.debug_str      0x00000000   0x114bd4
 .debug_str     0x00000000   0x108bf6 ./Core/Src/adc.o
                             0x1091eb (size before relaxing)
 .debug_str     0x00108bf6       0xc0 ./Core/Src/joy.o
                             0x108c59 (size before relaxing)
 .debug_str     0x00108cb6     0x6567 ./Core/Src/main.o
                             0x10fcdf (size before relaxing)
 .debug_str     0x0010f21d       0x5d ./Core/Src/pid.o
                             0x10db89 (size before relaxing)
 .debug_str     0x0010f27a       0x25 ./Core/Src/pwm.o
                             0x10ce3b (size before relaxing)
 .debug_str     0x0010f29f       0x12 ./Core/Src/qei.o
                             0x10e49a (size before relaxing)
 .debug_str     0x0010f2b1      0x32d ./Core/Src/stm32g4xx_hal_msp.o
                             0x10a636 (size before relaxing)
 .debug_str     0x0010f5de      0x1ec ./Core/Src/stm32g4xx_it.o
                             0x109cf7 (size before relaxing)
 .debug_str     0x0010f7ca       0xdb ./Core/Src/system_stm32g4xx.o
                             0x10878c (size before relaxing)
 .debug_str     0x0010f8a5       0x44 ./Core/Startup/startup_stm32g474retx.o
                                 0x84 (size before relaxing)
 .debug_str     0x0010f8e9      0x5db ./Drivers/STM32G4xx_HAL_Driver/Src/stm32g4xx_hal.o
                             0x10949e (size before relaxing)
 .debug_str     0x0010fec4      0xadf ./Drivers/STM32G4xx_HAL_Driver/Src/stm32g4xx_hal_adc.o
                             0x1097b9 (size before relaxing)
 .debug_str     0x001109a3      0x691 ./Drivers/STM32G4xx_HAL_Driver/Src/stm32g4xx_hal_adc_ex.o
                             0x10975f (size before relaxing)
 .debug_str     0x00111034      0x313 ./Drivers/STM32G4xx_HAL_Driver/Src/stm32g4xx_hal_cortex.o
                             0x109122 (size before relaxing)
 .debug_str     0x00111347      0x280 ./Drivers/STM32G4xx_HAL_Driver/Src/stm32g4xx_hal_dma.o
                             0x108b66 (size before relaxing)
 .debug_str     0x001115c7       0xd3 ./Drivers/STM32G4xx_HAL_Driver/Src/stm32g4xx_hal_gpio.o
                             0x108917 (size before relaxing)
 .debug_str     0x0011169a      0x495 ./Drivers/STM32G4xx_HAL_Driver/Src/stm32g4xx_hal_pwr_ex.o
                             0x108c7a (size before relaxing)
 .debug_str     0x00111b2f      0x506 ./Drivers/STM32G4xx_HAL_Driver/Src/stm32g4xx_hal_rcc.o
                             0x108eab (size before relaxing)
 .debug_str     0x00112035      0x40b ./Drivers/STM32G4xx_HAL_Driver/Src/stm32g4xx_hal_rcc_ex.o
                             0x108ed5 (size before relaxing)
 .debug_str     0x00112440     0x1197 ./Drivers/STM32G4xx_HAL_Driver/Src/stm32g4xx_hal_tim.o
                             0x10a3ed (size before relaxing)
 .debug_str     0x001135d7      0x7a7 ./Drivers/STM32G4xx_HAL_Driver/Src/stm32g4xx_hal_tim_ex.o
                             0x109bc1 (size before relaxing)
 .debug_str     0x00113d7e      0xbf2 ./Drivers/STM32G4xx_HAL_Driver/Src/stm32g4xx_hal_uart.o
                             0x109ab9 (size before relaxing)
 .debug_str     0x00114970      0x264 ./Drivers/STM32G4xx_HAL_Driver/Src/stm32g4xx_hal_uart_ex.o
                             0x109060 (size before relaxing)

.comment        0x00000000       0x43
 .comment       0x00000000       0x43 ./Core/Src/adc.o
                                 0x44 (size before relaxing)
 .comment       0x00000043       0x44 ./Core/Src/joy.o
 .comment       0x00000043       0x44 ./Core/Src/main.o
 .comment       0x00000043       0x44 ./Core/Src/pid.o
 .comment       0x00000043       0x44 ./Core/Src/pwm.o
 .comment       0x00000043       0x44 ./Core/Src/qei.o
 .comment       0x00000043       0x44 ./Core/Src/stm32g4xx_hal_msp.o
 .comment       0x00000043       0x44 ./Core/Src/stm32g4xx_it.o
 .comment       0x00000043       0x44 ./Core/Src/system_stm32g4xx.o
 .comment       0x00000043       0x44 ./Drivers/STM32G4xx_HAL_Driver/Src/stm32g4xx_hal.o
 .comment       0x00000043       0x44 ./Drivers/STM32G4xx_HAL_Driver/Src/stm32g4xx_hal_adc.o
 .comment       0x00000043       0x44 ./Drivers/STM32G4xx_HAL_Driver/Src/stm32g4xx_hal_adc_ex.o
 .comment       0x00000043       0x44 ./Drivers/STM32G4xx_HAL_Driver/Src/stm32g4xx_hal_cortex.o
 .comment       0x00000043       0x44 ./Drivers/STM32G4xx_HAL_Driver/Src/stm32g4xx_hal_dma.o
 .comment       0x00000043       0x44 ./Drivers/STM32G4xx_HAL_Driver/Src/stm32g4xx_hal_gpio.o
 .comment       0x00000043       0x44 ./Drivers/STM32G4xx_HAL_Driver/Src/stm32g4xx_hal_pwr_ex.o
 .comment       0x00000043       0x44 ./Drivers/STM32G4xx_HAL_Driver/Src/stm32g4xx_hal_rcc.o
 .comment       0x00000043       0x44 ./Drivers/STM32G4xx_HAL_Driver/Src/stm32g4xx_hal_rcc_ex.o
 .comment       0x00000043       0x44 ./Drivers/STM32G4xx_HAL_Driver/Src/stm32g4xx_hal_tim.o
 .comment       0x00000043       0x44 ./Drivers/STM32G4xx_HAL_Driver/Src/stm32g4xx_hal_tim_ex.o
 .comment       0x00000043       0x44 ./Drivers/STM32G4xx_HAL_Driver/Src/stm32g4xx_hal_uart.o
 .comment       0x00000043       0x44 ./Drivers/STM32G4xx_HAL_Driver/Src/stm32g4xx_hal_uart_ex.o

.debug_frame    0x00000000     0x606c
 .debug_frame   0x00000000       0x60 ./Core/Src/adc.o
 .debug_frame   0x00000060       0x40 ./Core/Src/joy.o
 .debug_frame   0x000000a0      0x244 ./Core/Src/main.o
 .debug_frame   0x000002e4       0x90 ./Core/Src/pid.o
 .debug_frame   0x00000374       0x44 ./Core/Src/pwm.o
 .debug_frame   0x000003b8       0xe4 ./Core/Src/qei.o
 .debug_frame   0x0000049c      0x180 ./Core/Src/stm32g4xx_hal_msp.o
 .debug_frame   0x0000061c      0x200 ./Core/Src/stm32g4xx_it.o
 .debug_frame   0x0000081c       0x58 ./Core/Src/system_stm32g4xx.o
 .debug_frame   0x00000874      0x500 ./Drivers/STM32G4xx_HAL_Driver/Src/stm32g4xx_hal.o
 .debug_frame   0x00000d74      0xacc ./Drivers/STM32G4xx_HAL_Driver/Src/stm32g4xx_hal_adc.o
 .debug_frame   0x00001840      0x81c ./Drivers/STM32G4xx_HAL_Driver/Src/stm32g4xx_hal_adc_ex.o
 .debug_frame   0x0000205c      0x498 ./Drivers/STM32G4xx_HAL_Driver/Src/stm32g4xx_hal_cortex.o
 .debug_frame   0x000024f4      0x24c ./Drivers/STM32G4xx_HAL_Driver/Src/stm32g4xx_hal_dma.o
 .debug_frame   0x00002740      0x14c ./Drivers/STM32G4xx_HAL_Driver/Src/stm32g4xx_hal_gpio.o
 .debug_frame   0x0000288c      0x4fc ./Drivers/STM32G4xx_HAL_Driver/Src/stm32g4xx_hal_pwr_ex.o
 .debug_frame   0x00002d88      0x23c ./Drivers/STM32G4xx_HAL_Driver/Src/stm32g4xx_hal_rcc.o
 .debug_frame   0x00002fc4      0x2ac ./Drivers/STM32G4xx_HAL_Driver/Src/stm32g4xx_hal_rcc_ex.o
 .debug_frame   0x00003270     0x1298 ./Drivers/STM32G4xx_HAL_Driver/Src/stm32g4xx_hal_tim.o
 .debug_frame   0x00004508      0xa70 ./Drivers/STM32G4xx_HAL_Driver/Src/stm32g4xx_hal_tim_ex.o
 .debug_frame   0x00004f78      0xb5c ./Drivers/STM32G4xx_HAL_Driver/Src/stm32g4xx_hal_uart.o
 .debug_frame   0x00005ad4      0x2c0 ./Drivers/STM32G4xx_HAL_Driver/Src/stm32g4xx_hal_uart_ex.o
 .debug_frame   0x00005d94       0x20 D:/STM32CUBEIDE/STM32CubeIDE_1.13.2/STM32CubeIDE/plugins/com.st.stm32cube.ide.mcu.externaltools.gnu-tools-for-stm32.12.3.rel1.win32_1.0.100.202403111256/tools/bin/../lib/gcc/arm-none-eabi/12.3.1/../../../../arm-none-eabi/lib/thumb/v7e-m+fp/hard\libc_nano.a(libc_a-memset.o)
 .debug_frame   0x00005db4       0x2c D:/STM32CUBEIDE/STM32CubeIDE_1.13.2/STM32CubeIDE/plugins/com.st.stm32cube.ide.mcu.externaltools.gnu-tools-for-stm32.12.3.rel1.win32_1.0.100.202403111256/tools/bin/../lib/gcc/arm-none-eabi/12.3.1/../../../../arm-none-eabi/lib/thumb/v7e-m+fp/hard\libc_nano.a(libc_a-init.o)
 .debug_frame   0x00005de0       0xac D:/STM32CUBEIDE/STM32CubeIDE_1.13.2/STM32CubeIDE/plugins/com.st.stm32cube.ide.mcu.externaltools.gnu-tools-for-stm32.12.3.rel1.win32_1.0.100.202403111256/tools/bin/../lib/gcc/arm-none-eabi/12.3.1/thumb/v7e-m+fp/hard\libgcc.a(_arm_addsubdf3.o)
 .debug_frame   0x00005e8c       0x50 D:/STM32CUBEIDE/STM32CubeIDE_1.13.2/STM32CubeIDE/plugins/com.st.stm32cube.ide.mcu.externaltools.gnu-tools-for-stm32.12.3.rel1.win32_1.0.100.202403111256/tools/bin/../lib/gcc/arm-none-eabi/12.3.1/thumb/v7e-m+fp/hard\libgcc.a(_arm_muldivdf3.o)
 .debug_frame   0x00005edc       0xc4 D:/STM32CUBEIDE/STM32CubeIDE_1.13.2/STM32CubeIDE/plugins/com.st.stm32cube.ide.mcu.externaltools.gnu-tools-for-stm32.12.3.rel1.win32_1.0.100.202403111256/tools/bin/../lib/gcc/arm-none-eabi/12.3.1/thumb/v7e-m+fp/hard\libgcc.a(_arm_cmpdf2.o)
 .debug_frame   0x00005fa0       0x24 D:/STM32CUBEIDE/STM32CubeIDE_1.13.2/STM32CubeIDE/plugins/com.st.stm32cube.ide.mcu.externaltools.gnu-tools-for-stm32.12.3.rel1.win32_1.0.100.202403111256/tools/bin/../lib/gcc/arm-none-eabi/12.3.1/thumb/v7e-m+fp/hard\libgcc.a(_arm_fixdfsi.o)